Archive member included to satisfy reference by file (symbol)

/usr/lib/gcc/avr/6.2.0/../../../../avr/lib/avr5/libprintf_flt.a(vfprintf_flt.o)
                              (vfprintf)
/usr/lib/gcc/avr/6.2.0/../../../../avr/lib/avr5/libm.a(addsf3.o)
                              one_square.o (__addsf3)
/usr/lib/gcc/avr/6.2.0/../../../../avr/lib/avr5/libm.a(addsf3x.o)
                              /usr/lib/gcc/avr/6.2.0/../../../../avr/lib/avr5/libm.a(addsf3.o) (__addsf3x)
/usr/lib/gcc/avr/6.2.0/../../../../avr/lib/avr5/libm.a(cmpsf2.o)
                              one_square.o (__ltsf2)
/usr/lib/gcc/avr/6.2.0/../../../../avr/lib/avr5/libm.a(cos.o)
                              one_square.o (cos)
/usr/lib/gcc/avr/6.2.0/../../../../avr/lib/avr5/libm.a(floatsisf.o)
                              one_square.o (__floatsisf)
/usr/lib/gcc/avr/6.2.0/../../../../avr/lib/avr5/libm.a(fp_cmp.o)
                              /usr/lib/gcc/avr/6.2.0/../../../../avr/lib/avr5/libm.a(cmpsf2.o) (__fp_cmp)
/usr/lib/gcc/avr/6.2.0/../../../../avr/lib/avr5/libm.a(fp_inf.o)
                              /usr/lib/gcc/avr/6.2.0/../../../../avr/lib/avr5/libm.a(addsf3x.o) (__fp_inf)
/usr/lib/gcc/avr/6.2.0/../../../../avr/lib/avr5/libm.a(fp_nan.o)
                              /usr/lib/gcc/avr/6.2.0/../../../../avr/lib/avr5/libm.a(addsf3x.o) (__fp_nan)
/usr/lib/gcc/avr/6.2.0/../../../../avr/lib/avr5/libm.a(fp_pscA.o)
                              /usr/lib/gcc/avr/6.2.0/../../../../avr/lib/avr5/libm.a(addsf3x.o) (__fp_pscA)
/usr/lib/gcc/avr/6.2.0/../../../../avr/lib/avr5/libm.a(fp_pscB.o)
                              /usr/lib/gcc/avr/6.2.0/../../../../avr/lib/avr5/libm.a(addsf3x.o) (__fp_pscB)
/usr/lib/gcc/avr/6.2.0/../../../../avr/lib/avr5/libm.a(fp_rempio2.o)
                              /usr/lib/gcc/avr/6.2.0/../../../../avr/lib/avr5/libm.a(cos.o) (__fp_rempio2)
/usr/lib/gcc/avr/6.2.0/../../../../avr/lib/avr5/libm.a(fp_round.o)
                              /usr/lib/gcc/avr/6.2.0/../../../../avr/lib/avr5/libm.a(addsf3.o) (__fp_round)
/usr/lib/gcc/avr/6.2.0/../../../../avr/lib/avr5/libm.a(fp_sinus.o)
                              /usr/lib/gcc/avr/6.2.0/../../../../avr/lib/avr5/libm.a(cos.o) (__fp_sinus)
/usr/lib/gcc/avr/6.2.0/../../../../avr/lib/avr5/libm.a(fp_split3.o)
                              /usr/lib/gcc/avr/6.2.0/../../../../avr/lib/avr5/libm.a(addsf3x.o) (__fp_split3)
/usr/lib/gcc/avr/6.2.0/../../../../avr/lib/avr5/libm.a(fp_zero.o)
                              /usr/lib/gcc/avr/6.2.0/../../../../avr/lib/avr5/libm.a(addsf3x.o) (__fp_zero)
/usr/lib/gcc/avr/6.2.0/../../../../avr/lib/avr5/libm.a(gesf2.o)
                              one_square.o (__gesf2)
/usr/lib/gcc/avr/6.2.0/../../../../avr/lib/avr5/libm.a(mulsf3.o)
                              one_square.o (__mulsf3)
/usr/lib/gcc/avr/6.2.0/../../../../avr/lib/avr5/libm.a(mulsf3x.o)
                              /usr/lib/gcc/avr/6.2.0/../../../../avr/lib/avr5/libm.a(mulsf3.o) (__mulsf3x)
/usr/lib/gcc/avr/6.2.0/../../../../avr/lib/avr5/libm.a(sin.o)
                              one_square.o (sin)
/usr/lib/gcc/avr/6.2.0/../../../../avr/lib/avr5/libm.a(fp_mpack.o)
                              /usr/lib/gcc/avr/6.2.0/../../../../avr/lib/avr5/libm.a(fp_rempio2.o) (__fp_mpack_finite)
/usr/lib/gcc/avr/6.2.0/../../../../avr/lib/avr5/libm.a(fp_powsodd.o)
                              /usr/lib/gcc/avr/6.2.0/../../../../avr/lib/avr5/libm.a(fp_sinus.o) (__fp_powsodd)
/usr/lib/gcc/avr/6.2.0/../../../../avr/lib/avr5/libm.a(fp_powser.o)
                              /usr/lib/gcc/avr/6.2.0/../../../../avr/lib/avr5/libm.a(fp_powsodd.o) (__fp_powser)
../cab202_teensy/libcab202_teensy.a(graphics.o)
                              sprite_demo.o (show_screen)
../cab202_teensy/libcab202_teensy.a(lcd.o)
                              ../cab202_teensy/libcab202_teensy.a(graphics.o) (lcd_write)
../cab202_teensy/libcab202_teensy.a(sprite.o)
                              one_square.o (init_sprite)
/usr/lib/gcc/avr/6.2.0/avr5/libgcc.a(_divmodhi4.o)
                              ten_squares.o (__divmodhi4)
/usr/lib/gcc/avr/6.2.0/avr5/libgcc.a(_exit.o)
                              /usr/lib/gcc/avr/6.2.0/../../../../avr/lib/avr5/crtatmega32u4.o (exit)
/usr/lib/gcc/avr/6.2.0/avr5/libgcc.a(_copy_data.o)
                              sprite_demo.o (__do_copy_data)
/usr/lib/gcc/avr/6.2.0/avr5/libgcc.a(_clear_bss.o)
                              ../cab202_teensy/libcab202_teensy.a(graphics.o) (__do_clear_bss)
/usr/lib/gcc/avr/6.2.0/avr5/libgcc.a(_prologue.o)
                              /usr/lib/gcc/avr/6.2.0/../../../../avr/lib/avr5/libprintf_flt.a(vfprintf_flt.o) (__prologue_saves__)
/usr/lib/gcc/avr/6.2.0/avr5/libgcc.a(_epilogue.o)
                              /usr/lib/gcc/avr/6.2.0/../../../../avr/lib/avr5/libprintf_flt.a(vfprintf_flt.o) (__epilogue_restores__)
/usr/lib/gcc/avr/6.2.0/avr5/libgcc.a(_udivmodhi4.o)
                              /usr/lib/gcc/avr/6.2.0/avr5/libgcc.a(_divmodhi4.o) (__udivmodhi4)
/usr/lib/gcc/avr/6.2.0/../../../../avr/lib/avr5/libm.a(ceil.o)
                              ../cab202_teensy/libcab202_teensy.a(sprite.o) (ceil)
/usr/lib/gcc/avr/6.2.0/../../../../avr/lib/avr5/libm.a(divsf3.o)
                              ../cab202_teensy/libcab202_teensy.a(graphics.o) (__divsf3)
/usr/lib/gcc/avr/6.2.0/../../../../avr/lib/avr5/libm.a(divsf3x.o)
                              /usr/lib/gcc/avr/6.2.0/../../../../avr/lib/avr5/libm.a(divsf3.o) (__divsf3x)
/usr/lib/gcc/avr/6.2.0/../../../../avr/lib/avr5/libm.a(fixsfsi.o)
                              ../cab202_teensy/libcab202_teensy.a(sprite.o) (__fixsfsi)
/usr/lib/gcc/avr/6.2.0/../../../../avr/lib/avr5/libm.a(fixunssfsi.o)
                              ../cab202_teensy/libcab202_teensy.a(sprite.o) (__fixunssfsi)
/usr/lib/gcc/avr/6.2.0/../../../../avr/lib/avr5/libm.a(floor.o)
                              ../cab202_teensy/libcab202_teensy.a(sprite.o) (floor)
/usr/lib/gcc/avr/6.2.0/../../../../avr/lib/avr5/libm.a(fp_mintl.o)
                              /usr/lib/gcc/avr/6.2.0/../../../../avr/lib/avr5/libm.a(ceil.o) (__fp_mintl)
/usr/lib/gcc/avr/6.2.0/../../../../avr/lib/avr5/libm.a(fp_trunc.o)
                              /usr/lib/gcc/avr/6.2.0/../../../../avr/lib/avr5/libm.a(ceil.o) (__fp_trunc)
/usr/lib/gcc/avr/6.2.0/../../../../avr/lib/avr5/libc.a(random.o)
                              one_square.o (random)
/usr/lib/gcc/avr/6.2.0/../../../../avr/lib/avr5/libc.a(ftoa_engine.o)
                              /usr/lib/gcc/avr/6.2.0/../../../../avr/lib/avr5/libprintf_flt.a(vfprintf_flt.o) (__ftoa_engine)
/usr/lib/gcc/avr/6.2.0/../../../../avr/lib/avr5/libc.a(strnlen_P.o)
                              /usr/lib/gcc/avr/6.2.0/../../../../avr/lib/avr5/libprintf_flt.a(vfprintf_flt.o) (strnlen_P)
/usr/lib/gcc/avr/6.2.0/../../../../avr/lib/avr5/libc.a(strnlen.o)
                              /usr/lib/gcc/avr/6.2.0/../../../../avr/lib/avr5/libprintf_flt.a(vfprintf_flt.o) (strnlen)
/usr/lib/gcc/avr/6.2.0/../../../../avr/lib/avr5/libc.a(fputc.o)
                              /usr/lib/gcc/avr/6.2.0/../../../../avr/lib/avr5/libprintf_flt.a(vfprintf_flt.o) (fputc)
/usr/lib/gcc/avr/6.2.0/../../../../avr/lib/avr5/libc.a(ultoa_invert.o)
                              /usr/lib/gcc/avr/6.2.0/../../../../avr/lib/avr5/libprintf_flt.a(vfprintf_flt.o) (__ultoa_invert)
/usr/lib/gcc/avr/6.2.0/avr5/libgcc.a(_divmodsi4.o)
                              /usr/lib/gcc/avr/6.2.0/../../../../avr/lib/avr5/libc.a(random.o) (__divmodsi4)
/usr/lib/gcc/avr/6.2.0/avr5/libgcc.a(_negsi2.o)
                              /usr/lib/gcc/avr/6.2.0/avr5/libgcc.a(_divmodsi4.o) (__negsi2)
/usr/lib/gcc/avr/6.2.0/avr5/libgcc.a(_muluhisi3.o)
                              /usr/lib/gcc/avr/6.2.0/../../../../avr/lib/avr5/libc.a(random.o) (__muluhisi3)
/usr/lib/gcc/avr/6.2.0/avr5/libgcc.a(_mulshisi3.o)
                              /usr/lib/gcc/avr/6.2.0/../../../../avr/lib/avr5/libc.a(random.o) (__mulohisi3)
/usr/lib/gcc/avr/6.2.0/avr5/libgcc.a(_udivmodsi4.o)
                              /usr/lib/gcc/avr/6.2.0/avr5/libgcc.a(_divmodsi4.o) (__udivmodsi4)
/usr/lib/gcc/avr/6.2.0/avr5/libgcc.a(_umulhisi3.o)
                              /usr/lib/gcc/avr/6.2.0/avr5/libgcc.a(_muluhisi3.o) (__umulhisi3)

Allocating common symbols
Common symbol       size              file

screen_buffer       0x1f8             ../cab202_teensy/libcab202_teensy.a(graphics.o)

Discarded input sections

 .data          0x0000000000000000        0x0 /usr/lib/gcc/avr/6.2.0/../../../../avr/lib/avr5/crtatmega32u4.o
 .bss           0x0000000000000000        0x0 /usr/lib/gcc/avr/6.2.0/../../../../avr/lib/avr5/crtatmega32u4.o
 .text          0x0000000000000000        0x0 sprite_demo.o
 .data          0x0000000000000000        0x0 sprite_demo.o
 .bss           0x0000000000000000        0x0 sprite_demo.o
 .text          0x0000000000000000        0x0 one_square.o
 .bss           0x0000000000000000        0x0 one_square.o
 .text          0x0000000000000000        0x0 ten_squares.o
 .bss           0x0000000000000000        0x0 ten_squares.o
 .text          0x0000000000000000        0x0 blockhead.o
 .bss           0x0000000000000000        0x0 blockhead.o
 .text          0x0000000000000000        0x0 /usr/lib/gcc/avr/6.2.0/../../../../avr/lib/avr5/libprintf_flt.a(vfprintf_flt.o)
 .data          0x0000000000000000        0x0 /usr/lib/gcc/avr/6.2.0/../../../../avr/lib/avr5/libprintf_flt.a(vfprintf_flt.o)
 .bss           0x0000000000000000        0x0 /usr/lib/gcc/avr/6.2.0/../../../../avr/lib/avr5/libprintf_flt.a(vfprintf_flt.o)
 .text          0x0000000000000000        0x0 /usr/lib/gcc/avr/6.2.0/../../../../avr/lib/avr5/libm.a(addsf3.o)
 .data          0x0000000000000000        0x0 /usr/lib/gcc/avr/6.2.0/../../../../avr/lib/avr5/libm.a(addsf3.o)
 .bss           0x0000000000000000        0x0 /usr/lib/gcc/avr/6.2.0/../../../../avr/lib/avr5/libm.a(addsf3.o)
 .text          0x0000000000000000        0x0 /usr/lib/gcc/avr/6.2.0/../../../../avr/lib/avr5/libm.a(addsf3x.o)
 .data          0x0000000000000000        0x0 /usr/lib/gcc/avr/6.2.0/../../../../avr/lib/avr5/libm.a(addsf3x.o)
 .bss           0x0000000000000000        0x0 /usr/lib/gcc/avr/6.2.0/../../../../avr/lib/avr5/libm.a(addsf3x.o)
 .text          0x0000000000000000        0x0 /usr/lib/gcc/avr/6.2.0/../../../../avr/lib/avr5/libm.a(cmpsf2.o)
 .data          0x0000000000000000        0x0 /usr/lib/gcc/avr/6.2.0/../../../../avr/lib/avr5/libm.a(cmpsf2.o)
 .bss           0x0000000000000000        0x0 /usr/lib/gcc/avr/6.2.0/../../../../avr/lib/avr5/libm.a(cmpsf2.o)
 .text          0x0000000000000000        0x0 /usr/lib/gcc/avr/6.2.0/../../../../avr/lib/avr5/libm.a(cos.o)
 .data          0x0000000000000000        0x0 /usr/lib/gcc/avr/6.2.0/../../../../avr/lib/avr5/libm.a(cos.o)
 .bss           0x0000000000000000        0x0 /usr/lib/gcc/avr/6.2.0/../../../../avr/lib/avr5/libm.a(cos.o)
 .text          0x0000000000000000        0x0 /usr/lib/gcc/avr/6.2.0/../../../../avr/lib/avr5/libm.a(floatsisf.o)
 .data          0x0000000000000000        0x0 /usr/lib/gcc/avr/6.2.0/../../../../avr/lib/avr5/libm.a(floatsisf.o)
 .bss           0x0000000000000000        0x0 /usr/lib/gcc/avr/6.2.0/../../../../avr/lib/avr5/libm.a(floatsisf.o)
 .text          0x0000000000000000        0x0 /usr/lib/gcc/avr/6.2.0/../../../../avr/lib/avr5/libm.a(fp_cmp.o)
 .data          0x0000000000000000        0x0 /usr/lib/gcc/avr/6.2.0/../../../../avr/lib/avr5/libm.a(fp_cmp.o)
 .bss           0x0000000000000000        0x0 /usr/lib/gcc/avr/6.2.0/../../../../avr/lib/avr5/libm.a(fp_cmp.o)
 .text          0x0000000000000000        0x0 /usr/lib/gcc/avr/6.2.0/../../../../avr/lib/avr5/libm.a(fp_inf.o)
 .data          0x0000000000000000        0x0 /usr/lib/gcc/avr/6.2.0/../../../../avr/lib/avr5/libm.a(fp_inf.o)
 .bss           0x0000000000000000        0x0 /usr/lib/gcc/avr/6.2.0/../../../../avr/lib/avr5/libm.a(fp_inf.o)
 .text          0x0000000000000000        0x0 /usr/lib/gcc/avr/6.2.0/../../../../avr/lib/avr5/libm.a(fp_nan.o)
 .data          0x0000000000000000        0x0 /usr/lib/gcc/avr/6.2.0/../../../../avr/lib/avr5/libm.a(fp_nan.o)
 .bss           0x0000000000000000        0x0 /usr/lib/gcc/avr/6.2.0/../../../../avr/lib/avr5/libm.a(fp_nan.o)
 .text          0x0000000000000000        0x0 /usr/lib/gcc/avr/6.2.0/../../../../avr/lib/avr5/libm.a(fp_pscA.o)
 .data          0x0000000000000000        0x0 /usr/lib/gcc/avr/6.2.0/../../../../avr/lib/avr5/libm.a(fp_pscA.o)
 .bss           0x0000000000000000        0x0 /usr/lib/gcc/avr/6.2.0/../../../../avr/lib/avr5/libm.a(fp_pscA.o)
 .text          0x0000000000000000        0x0 /usr/lib/gcc/avr/6.2.0/../../../../avr/lib/avr5/libm.a(fp_pscB.o)
 .data          0x0000000000000000        0x0 /usr/lib/gcc/avr/6.2.0/../../../../avr/lib/avr5/libm.a(fp_pscB.o)
 .bss           0x0000000000000000        0x0 /usr/lib/gcc/avr/6.2.0/../../../../avr/lib/avr5/libm.a(fp_pscB.o)
 .text          0x0000000000000000        0x0 /usr/lib/gcc/avr/6.2.0/../../../../avr/lib/avr5/libm.a(fp_rempio2.o)
 .data          0x0000000000000000        0x0 /usr/lib/gcc/avr/6.2.0/../../../../avr/lib/avr5/libm.a(fp_rempio2.o)
 .bss           0x0000000000000000        0x0 /usr/lib/gcc/avr/6.2.0/../../../../avr/lib/avr5/libm.a(fp_rempio2.o)
 .text          0x0000000000000000        0x0 /usr/lib/gcc/avr/6.2.0/../../../../avr/lib/avr5/libm.a(fp_round.o)
 .data          0x0000000000000000        0x0 /usr/lib/gcc/avr/6.2.0/../../../../avr/lib/avr5/libm.a(fp_round.o)
 .bss           0x0000000000000000        0x0 /usr/lib/gcc/avr/6.2.0/../../../../avr/lib/avr5/libm.a(fp_round.o)
 .text          0x0000000000000000        0x0 /usr/lib/gcc/avr/6.2.0/../../../../avr/lib/avr5/libm.a(fp_sinus.o)
 .data          0x0000000000000000        0x0 /usr/lib/gcc/avr/6.2.0/../../../../avr/lib/avr5/libm.a(fp_sinus.o)
 .bss           0x0000000000000000        0x0 /usr/lib/gcc/avr/6.2.0/../../../../avr/lib/avr5/libm.a(fp_sinus.o)
 .text          0x0000000000000000        0x0 /usr/lib/gcc/avr/6.2.0/../../../../avr/lib/avr5/libm.a(fp_split3.o)
 .data          0x0000000000000000        0x0 /usr/lib/gcc/avr/6.2.0/../../../../avr/lib/avr5/libm.a(fp_split3.o)
 .bss           0x0000000000000000        0x0 /usr/lib/gcc/avr/6.2.0/../../../../avr/lib/avr5/libm.a(fp_split3.o)
 .text          0x0000000000000000        0x0 /usr/lib/gcc/avr/6.2.0/../../../../avr/lib/avr5/libm.a(fp_zero.o)
 .data          0x0000000000000000        0x0 /usr/lib/gcc/avr/6.2.0/../../../../avr/lib/avr5/libm.a(fp_zero.o)
 .bss           0x0000000000000000        0x0 /usr/lib/gcc/avr/6.2.0/../../../../avr/lib/avr5/libm.a(fp_zero.o)
 .text          0x0000000000000000        0x0 /usr/lib/gcc/avr/6.2.0/../../../../avr/lib/avr5/libm.a(gesf2.o)
 .data          0x0000000000000000        0x0 /usr/lib/gcc/avr/6.2.0/../../../../avr/lib/avr5/libm.a(gesf2.o)
 .bss           0x0000000000000000        0x0 /usr/lib/gcc/avr/6.2.0/../../../../avr/lib/avr5/libm.a(gesf2.o)
 .text          0x0000000000000000        0x0 /usr/lib/gcc/avr/6.2.0/../../../../avr/lib/avr5/libm.a(mulsf3.o)
 .data          0x0000000000000000        0x0 /usr/lib/gcc/avr/6.2.0/../../../../avr/lib/avr5/libm.a(mulsf3.o)
 .bss           0x0000000000000000        0x0 /usr/lib/gcc/avr/6.2.0/../../../../avr/lib/avr5/libm.a(mulsf3.o)
 .text          0x0000000000000000        0x0 /usr/lib/gcc/avr/6.2.0/../../../../avr/lib/avr5/libm.a(mulsf3x.o)
 .data          0x0000000000000000        0x0 /usr/lib/gcc/avr/6.2.0/../../../../avr/lib/avr5/libm.a(mulsf3x.o)
 .bss           0x0000000000000000        0x0 /usr/lib/gcc/avr/6.2.0/../../../../avr/lib/avr5/libm.a(mulsf3x.o)
 .text          0x0000000000000000        0x0 /usr/lib/gcc/avr/6.2.0/../../../../avr/lib/avr5/libm.a(sin.o)
 .data          0x0000000000000000        0x0 /usr/lib/gcc/avr/6.2.0/../../../../avr/lib/avr5/libm.a(sin.o)
 .bss           0x0000000000000000        0x0 /usr/lib/gcc/avr/6.2.0/../../../../avr/lib/avr5/libm.a(sin.o)
 .text          0x0000000000000000        0x0 /usr/lib/gcc/avr/6.2.0/../../../../avr/lib/avr5/libm.a(fp_mpack.o)
 .data          0x0000000000000000        0x0 /usr/lib/gcc/avr/6.2.0/../../../../avr/lib/avr5/libm.a(fp_mpack.o)
 .bss           0x0000000000000000        0x0 /usr/lib/gcc/avr/6.2.0/../../../../avr/lib/avr5/libm.a(fp_mpack.o)
 .text          0x0000000000000000        0x0 /usr/lib/gcc/avr/6.2.0/../../../../avr/lib/avr5/libm.a(fp_powsodd.o)
 .data          0x0000000000000000        0x0 /usr/lib/gcc/avr/6.2.0/../../../../avr/lib/avr5/libm.a(fp_powsodd.o)
 .bss           0x0000000000000000        0x0 /usr/lib/gcc/avr/6.2.0/../../../../avr/lib/avr5/libm.a(fp_powsodd.o)
 .text          0x0000000000000000        0x0 /usr/lib/gcc/avr/6.2.0/../../../../avr/lib/avr5/libm.a(fp_powser.o)
 .data          0x0000000000000000        0x0 /usr/lib/gcc/avr/6.2.0/../../../../avr/lib/avr5/libm.a(fp_powser.o)
 .bss           0x0000000000000000        0x0 /usr/lib/gcc/avr/6.2.0/../../../../avr/lib/avr5/libm.a(fp_powser.o)
 .text          0x0000000000000000        0x0 ../cab202_teensy/libcab202_teensy.a(graphics.o)
 .data          0x0000000000000000        0x0 ../cab202_teensy/libcab202_teensy.a(graphics.o)
 .bss           0x0000000000000000        0x0 ../cab202_teensy/libcab202_teensy.a(graphics.o)
 .text.draw_line
                0x0000000000000000      0x27a ../cab202_teensy/libcab202_teensy.a(graphics.o)
 .text          0x0000000000000000        0x0 ../cab202_teensy/libcab202_teensy.a(lcd.o)
 .data          0x0000000000000000        0x0 ../cab202_teensy/libcab202_teensy.a(lcd.o)
 .bss           0x0000000000000000        0x0 ../cab202_teensy/libcab202_teensy.a(lcd.o)
 .text.lcd_clear
                0x0000000000000000       0x1a ../cab202_teensy/libcab202_teensy.a(lcd.o)
 .text          0x0000000000000000        0x0 ../cab202_teensy/libcab202_teensy.a(sprite.o)
 .data          0x0000000000000000        0x0 ../cab202_teensy/libcab202_teensy.a(sprite.o)
 .bss           0x0000000000000000        0x0 ../cab202_teensy/libcab202_teensy.a(sprite.o)
 .text          0x0000000000000000        0x0 /usr/lib/gcc/avr/6.2.0/avr5/libgcc.a(_divmodhi4.o)
 .data          0x0000000000000000        0x0 /usr/lib/gcc/avr/6.2.0/avr5/libgcc.a(_divmodhi4.o)
 .bss           0x0000000000000000        0x0 /usr/lib/gcc/avr/6.2.0/avr5/libgcc.a(_divmodhi4.o)
 .text.libgcc.mul
                0x0000000000000000        0x0 /usr/lib/gcc/avr/6.2.0/avr5/libgcc.a(_divmodhi4.o)
 .text.libgcc   0x0000000000000000        0x0 /usr/lib/gcc/avr/6.2.0/avr5/libgcc.a(_divmodhi4.o)
 .text.libgcc.prologue
                0x0000000000000000        0x0 /usr/lib/gcc/avr/6.2.0/avr5/libgcc.a(_divmodhi4.o)
 .text.libgcc.builtins
                0x0000000000000000        0x0 /usr/lib/gcc/avr/6.2.0/avr5/libgcc.a(_divmodhi4.o)
 .text.libgcc.fmul
                0x0000000000000000        0x0 /usr/lib/gcc/avr/6.2.0/avr5/libgcc.a(_divmodhi4.o)
 .text.libgcc.fixed
                0x0000000000000000        0x0 /usr/lib/gcc/avr/6.2.0/avr5/libgcc.a(_divmodhi4.o)
 .text          0x0000000000000000        0x0 /usr/lib/gcc/avr/6.2.0/avr5/libgcc.a(_exit.o)
 .data          0x0000000000000000        0x0 /usr/lib/gcc/avr/6.2.0/avr5/libgcc.a(_exit.o)
 .bss           0x0000000000000000        0x0 /usr/lib/gcc/avr/6.2.0/avr5/libgcc.a(_exit.o)
 .text.libgcc.mul
                0x0000000000000000        0x0 /usr/lib/gcc/avr/6.2.0/avr5/libgcc.a(_exit.o)
 .text.libgcc.div
                0x0000000000000000        0x0 /usr/lib/gcc/avr/6.2.0/avr5/libgcc.a(_exit.o)
 .text.libgcc   0x0000000000000000        0x0 /usr/lib/gcc/avr/6.2.0/avr5/libgcc.a(_exit.o)
 .text.libgcc.prologue
                0x0000000000000000        0x0 /usr/lib/gcc/avr/6.2.0/avr5/libgcc.a(_exit.o)
 .text.libgcc.builtins
                0x0000000000000000        0x0 /usr/lib/gcc/avr/6.2.0/avr5/libgcc.a(_exit.o)
 .text.libgcc.fmul
                0x0000000000000000        0x0 /usr/lib/gcc/avr/6.2.0/avr5/libgcc.a(_exit.o)
 .text.libgcc.fixed
                0x0000000000000000        0x0 /usr/lib/gcc/avr/6.2.0/avr5/libgcc.a(_exit.o)
 .text          0x0000000000000000        0x0 /usr/lib/gcc/avr/6.2.0/avr5/libgcc.a(_copy_data.o)
 .data          0x0000000000000000        0x0 /usr/lib/gcc/avr/6.2.0/avr5/libgcc.a(_copy_data.o)
 .bss           0x0000000000000000        0x0 /usr/lib/gcc/avr/6.2.0/avr5/libgcc.a(_copy_data.o)
 .text.libgcc.mul
                0x0000000000000000        0x0 /usr/lib/gcc/avr/6.2.0/avr5/libgcc.a(_copy_data.o)
 .text.libgcc.div
                0x0000000000000000        0x0 /usr/lib/gcc/avr/6.2.0/avr5/libgcc.a(_copy_data.o)
 .text.libgcc   0x0000000000000000        0x0 /usr/lib/gcc/avr/6.2.0/avr5/libgcc.a(_copy_data.o)
 .text.libgcc.prologue
                0x0000000000000000        0x0 /usr/lib/gcc/avr/6.2.0/avr5/libgcc.a(_copy_data.o)
 .text.libgcc.builtins
                0x0000000000000000        0x0 /usr/lib/gcc/avr/6.2.0/avr5/libgcc.a(_copy_data.o)
 .text.libgcc.fmul
                0x0000000000000000        0x0 /usr/lib/gcc/avr/6.2.0/avr5/libgcc.a(_copy_data.o)
 .text.libgcc.fixed
                0x0000000000000000        0x0 /usr/lib/gcc/avr/6.2.0/avr5/libgcc.a(_copy_data.o)
 .text          0x0000000000000000        0x0 /usr/lib/gcc/avr/6.2.0/avr5/libgcc.a(_clear_bss.o)
 .data          0x0000000000000000        0x0 /usr/lib/gcc/avr/6.2.0/avr5/libgcc.a(_clear_bss.o)
 .bss           0x0000000000000000        0x0 /usr/lib/gcc/avr/6.2.0/avr5/libgcc.a(_clear_bss.o)
 .text.libgcc.mul
                0x0000000000000000        0x0 /usr/lib/gcc/avr/6.2.0/avr5/libgcc.a(_clear_bss.o)
 .text.libgcc.div
                0x0000000000000000        0x0 /usr/lib/gcc/avr/6.2.0/avr5/libgcc.a(_clear_bss.o)
 .text.libgcc   0x0000000000000000        0x0 /usr/lib/gcc/avr/6.2.0/avr5/libgcc.a(_clear_bss.o)
 .text.libgcc.prologue
                0x0000000000000000        0x0 /usr/lib/gcc/avr/6.2.0/avr5/libgcc.a(_clear_bss.o)
 .text.libgcc.builtins
                0x0000000000000000        0x0 /usr/lib/gcc/avr/6.2.0/avr5/libgcc.a(_clear_bss.o)
 .text.libgcc.fmul
                0x0000000000000000        0x0 /usr/lib/gcc/avr/6.2.0/avr5/libgcc.a(_clear_bss.o)
 .text.libgcc.fixed
                0x0000000000000000        0x0 /usr/lib/gcc/avr/6.2.0/avr5/libgcc.a(_clear_bss.o)
 .text          0x0000000000000000        0x0 /usr/lib/gcc/avr/6.2.0/avr5/libgcc.a(_prologue.o)
 .data          0x0000000000000000        0x0 /usr/lib/gcc/avr/6.2.0/avr5/libgcc.a(_prologue.o)
 .bss           0x0000000000000000        0x0 /usr/lib/gcc/avr/6.2.0/avr5/libgcc.a(_prologue.o)
 .text.libgcc.mul
                0x0000000000000000        0x0 /usr/lib/gcc/avr/6.2.0/avr5/libgcc.a(_prologue.o)
 .text.libgcc.div
                0x0000000000000000        0x0 /usr/lib/gcc/avr/6.2.0/avr5/libgcc.a(_prologue.o)
 .text.libgcc   0x0000000000000000        0x0 /usr/lib/gcc/avr/6.2.0/avr5/libgcc.a(_prologue.o)
 .text.libgcc.builtins
                0x0000000000000000        0x0 /usr/lib/gcc/avr/6.2.0/avr5/libgcc.a(_prologue.o)
 .text.libgcc.fmul
                0x0000000000000000        0x0 /usr/lib/gcc/avr/6.2.0/avr5/libgcc.a(_prologue.o)
 .text.libgcc.fixed
                0x0000000000000000        0x0 /usr/lib/gcc/avr/6.2.0/avr5/libgcc.a(_prologue.o)
 .text          0x0000000000000000        0x0 /usr/lib/gcc/avr/6.2.0/avr5/libgcc.a(_epilogue.o)
 .data          0x0000000000000000        0x0 /usr/lib/gcc/avr/6.2.0/avr5/libgcc.a(_epilogue.o)
 .bss           0x0000000000000000        0x0 /usr/lib/gcc/avr/6.2.0/avr5/libgcc.a(_epilogue.o)
 .text.libgcc.mul
                0x0000000000000000        0x0 /usr/lib/gcc/avr/6.2.0/avr5/libgcc.a(_epilogue.o)
 .text.libgcc.div
                0x0000000000000000        0x0 /usr/lib/gcc/avr/6.2.0/avr5/libgcc.a(_epilogue.o)
 .text.libgcc   0x0000000000000000        0x0 /usr/lib/gcc/avr/6.2.0/avr5/libgcc.a(_epilogue.o)
 .text.libgcc.builtins
                0x0000000000000000        0x0 /usr/lib/gcc/avr/6.2.0/avr5/libgcc.a(_epilogue.o)
 .text.libgcc.fmul
                0x0000000000000000        0x0 /usr/lib/gcc/avr/6.2.0/avr5/libgcc.a(_epilogue.o)
 .text.libgcc.fixed
                0x0000000000000000        0x0 /usr/lib/gcc/avr/6.2.0/avr5/libgcc.a(_epilogue.o)
 .text          0x0000000000000000        0x0 /usr/lib/gcc/avr/6.2.0/avr5/libgcc.a(_udivmodhi4.o)
 .data          0x0000000000000000        0x0 /usr/lib/gcc/avr/6.2.0/avr5/libgcc.a(_udivmodhi4.o)
 .bss           0x0000000000000000        0x0 /usr/lib/gcc/avr/6.2.0/avr5/libgcc.a(_udivmodhi4.o)
 .text.libgcc.mul
                0x0000000000000000        0x0 /usr/lib/gcc/avr/6.2.0/avr5/libgcc.a(_udivmodhi4.o)
 .text.libgcc   0x0000000000000000        0x0 /usr/lib/gcc/avr/6.2.0/avr5/libgcc.a(_udivmodhi4.o)
 .text.libgcc.prologue
                0x0000000000000000        0x0 /usr/lib/gcc/avr/6.2.0/avr5/libgcc.a(_udivmodhi4.o)
 .text.libgcc.builtins
                0x0000000000000000        0x0 /usr/lib/gcc/avr/6.2.0/avr5/libgcc.a(_udivmodhi4.o)
 .text.libgcc.fmul
                0x0000000000000000        0x0 /usr/lib/gcc/avr/6.2.0/avr5/libgcc.a(_udivmodhi4.o)
 .text.libgcc.fixed
                0x0000000000000000        0x0 /usr/lib/gcc/avr/6.2.0/avr5/libgcc.a(_udivmodhi4.o)
 .text          0x0000000000000000        0x0 /usr/lib/gcc/avr/6.2.0/../../../../avr/lib/avr5/libm.a(ceil.o)
 .data          0x0000000000000000        0x0 /usr/lib/gcc/avr/6.2.0/../../../../avr/lib/avr5/libm.a(ceil.o)
 .bss           0x0000000000000000        0x0 /usr/lib/gcc/avr/6.2.0/../../../../avr/lib/avr5/libm.a(ceil.o)
 .text          0x0000000000000000        0x0 /usr/lib/gcc/avr/6.2.0/../../../../avr/lib/avr5/libm.a(divsf3.o)
 .data          0x0000000000000000        0x0 /usr/lib/gcc/avr/6.2.0/../../../../avr/lib/avr5/libm.a(divsf3.o)
 .bss           0x0000000000000000        0x0 /usr/lib/gcc/avr/6.2.0/../../../../avr/lib/avr5/libm.a(divsf3.o)
 .text.avr-libc.fplib
                0x0000000000000000        0x8 /usr/lib/gcc/avr/6.2.0/../../../../avr/lib/avr5/libm.a(divsf3.o)
 .text          0x0000000000000000        0x0 /usr/lib/gcc/avr/6.2.0/../../../../avr/lib/avr5/libm.a(divsf3x.o)
 .data          0x0000000000000000        0x0 /usr/lib/gcc/avr/6.2.0/../../../../avr/lib/avr5/libm.a(divsf3x.o)
 .bss           0x0000000000000000        0x0 /usr/lib/gcc/avr/6.2.0/../../../../avr/lib/avr5/libm.a(divsf3x.o)
 .text.avr-libc.fplib
                0x0000000000000000       0xdc /usr/lib/gcc/avr/6.2.0/../../../../avr/lib/avr5/libm.a(divsf3x.o)
 .text          0x0000000000000000        0x0 /usr/lib/gcc/avr/6.2.0/../../../../avr/lib/avr5/libm.a(fixsfsi.o)
 .data          0x0000000000000000        0x0 /usr/lib/gcc/avr/6.2.0/../../../../avr/lib/avr5/libm.a(fixsfsi.o)
 .bss           0x0000000000000000        0x0 /usr/lib/gcc/avr/6.2.0/../../../../avr/lib/avr5/libm.a(fixsfsi.o)
 .text          0x0000000000000000        0x0 /usr/lib/gcc/avr/6.2.0/../../../../avr/lib/avr5/libm.a(fixunssfsi.o)
 .data          0x0000000000000000        0x0 /usr/lib/gcc/avr/6.2.0/../../../../avr/lib/avr5/libm.a(fixunssfsi.o)
 .bss           0x0000000000000000        0x0 /usr/lib/gcc/avr/6.2.0/../../../../avr/lib/avr5/libm.a(fixunssfsi.o)
 .text          0x0000000000000000        0x0 /usr/lib/gcc/avr/6.2.0/../../../../avr/lib/avr5/libm.a(floor.o)
 .data          0x0000000000000000        0x0 /usr/lib/gcc/avr/6.2.0/../../../../avr/lib/avr5/libm.a(floor.o)
 .bss           0x0000000000000000        0x0 /usr/lib/gcc/avr/6.2.0/../../../../avr/lib/avr5/libm.a(floor.o)
 .text          0x0000000000000000        0x0 /usr/lib/gcc/avr/6.2.0/../../../../avr/lib/avr5/libm.a(fp_mintl.o)
 .data          0x0000000000000000        0x0 /usr/lib/gcc/avr/6.2.0/../../../../avr/lib/avr5/libm.a(fp_mintl.o)
 .bss           0x0000000000000000        0x0 /usr/lib/gcc/avr/6.2.0/../../../../avr/lib/avr5/libm.a(fp_mintl.o)
 .text          0x0000000000000000        0x0 /usr/lib/gcc/avr/6.2.0/../../../../avr/lib/avr5/libm.a(fp_trunc.o)
 .data          0x0000000000000000        0x0 /usr/lib/gcc/avr/6.2.0/../../../../avr/lib/avr5/libm.a(fp_trunc.o)
 .bss           0x0000000000000000        0x0 /usr/lib/gcc/avr/6.2.0/../../../../avr/lib/avr5/libm.a(fp_trunc.o)
 .text          0x0000000000000000        0x0 /usr/lib/gcc/avr/6.2.0/../../../../avr/lib/avr5/libc.a(random.o)
 .bss           0x0000000000000000        0x0 /usr/lib/gcc/avr/6.2.0/../../../../avr/lib/avr5/libc.a(random.o)
 .text          0x0000000000000000        0x0 /usr/lib/gcc/avr/6.2.0/../../../../avr/lib/avr5/libc.a(ftoa_engine.o)
 .data          0x0000000000000000        0x0 /usr/lib/gcc/avr/6.2.0/../../../../avr/lib/avr5/libc.a(ftoa_engine.o)
 .bss           0x0000000000000000        0x0 /usr/lib/gcc/avr/6.2.0/../../../../avr/lib/avr5/libc.a(ftoa_engine.o)
 .text          0x0000000000000000        0x0 /usr/lib/gcc/avr/6.2.0/../../../../avr/lib/avr5/libc.a(strnlen_P.o)
 .data          0x0000000000000000        0x0 /usr/lib/gcc/avr/6.2.0/../../../../avr/lib/avr5/libc.a(strnlen_P.o)
 .bss           0x0000000000000000        0x0 /usr/lib/gcc/avr/6.2.0/../../../../avr/lib/avr5/libc.a(strnlen_P.o)
 .text          0x0000000000000000        0x0 /usr/lib/gcc/avr/6.2.0/../../../../avr/lib/avr5/libc.a(strnlen.o)
 .data          0x0000000000000000        0x0 /usr/lib/gcc/avr/6.2.0/../../../../avr/lib/avr5/libc.a(strnlen.o)
 .bss           0x0000000000000000        0x0 /usr/lib/gcc/avr/6.2.0/../../../../avr/lib/avr5/libc.a(strnlen.o)
 .text          0x0000000000000000        0x0 /usr/lib/gcc/avr/6.2.0/../../../../avr/lib/avr5/libc.a(fputc.o)
 .data          0x0000000000000000        0x0 /usr/lib/gcc/avr/6.2.0/../../../../avr/lib/avr5/libc.a(fputc.o)
 .bss           0x0000000000000000        0x0 /usr/lib/gcc/avr/6.2.0/../../../../avr/lib/avr5/libc.a(fputc.o)
 .text          0x0000000000000000        0x0 /usr/lib/gcc/avr/6.2.0/../../../../avr/lib/avr5/libc.a(ultoa_invert.o)
 .data          0x0000000000000000        0x0 /usr/lib/gcc/avr/6.2.0/../../../../avr/lib/avr5/libc.a(ultoa_invert.o)
 .bss           0x0000000000000000        0x0 /usr/lib/gcc/avr/6.2.0/../../../../avr/lib/avr5/libc.a(ultoa_invert.o)
 .text          0x0000000000000000        0x0 /usr/lib/gcc/avr/6.2.0/avr5/libgcc.a(_divmodsi4.o)
 .data          0x0000000000000000        0x0 /usr/lib/gcc/avr/6.2.0/avr5/libgcc.a(_divmodsi4.o)
 .bss           0x0000000000000000        0x0 /usr/lib/gcc/avr/6.2.0/avr5/libgcc.a(_divmodsi4.o)
 .text.libgcc.mul
                0x0000000000000000        0x0 /usr/lib/gcc/avr/6.2.0/avr5/libgcc.a(_divmodsi4.o)
 .text.libgcc   0x0000000000000000        0x0 /usr/lib/gcc/avr/6.2.0/avr5/libgcc.a(_divmodsi4.o)
 .text.libgcc.prologue
                0x0000000000000000        0x0 /usr/lib/gcc/avr/6.2.0/avr5/libgcc.a(_divmodsi4.o)
 .text.libgcc.builtins
                0x0000000000000000        0x0 /usr/lib/gcc/avr/6.2.0/avr5/libgcc.a(_divmodsi4.o)
 .text.libgcc.fmul
                0x0000000000000000        0x0 /usr/lib/gcc/avr/6.2.0/avr5/libgcc.a(_divmodsi4.o)
 .text.libgcc.fixed
                0x0000000000000000        0x0 /usr/lib/gcc/avr/6.2.0/avr5/libgcc.a(_divmodsi4.o)
 .text          0x0000000000000000        0x0 /usr/lib/gcc/avr/6.2.0/avr5/libgcc.a(_negsi2.o)
 .data          0x0000000000000000        0x0 /usr/lib/gcc/avr/6.2.0/avr5/libgcc.a(_negsi2.o)
 .bss           0x0000000000000000        0x0 /usr/lib/gcc/avr/6.2.0/avr5/libgcc.a(_negsi2.o)
 .text.libgcc.mul
                0x0000000000000000        0x0 /usr/lib/gcc/avr/6.2.0/avr5/libgcc.a(_negsi2.o)
 .text.libgcc   0x0000000000000000        0x0 /usr/lib/gcc/avr/6.2.0/avr5/libgcc.a(_negsi2.o)
 .text.libgcc.prologue
                0x0000000000000000        0x0 /usr/lib/gcc/avr/6.2.0/avr5/libgcc.a(_negsi2.o)
 .text.libgcc.builtins
                0x0000000000000000        0x0 /usr/lib/gcc/avr/6.2.0/avr5/libgcc.a(_negsi2.o)
 .text.libgcc.fmul
                0x0000000000000000        0x0 /usr/lib/gcc/avr/6.2.0/avr5/libgcc.a(_negsi2.o)
 .text.libgcc.fixed
                0x0000000000000000        0x0 /usr/lib/gcc/avr/6.2.0/avr5/libgcc.a(_negsi2.o)
 .text          0x0000000000000000        0x0 /usr/lib/gcc/avr/6.2.0/avr5/libgcc.a(_muluhisi3.o)
 .data          0x0000000000000000        0x0 /usr/lib/gcc/avr/6.2.0/avr5/libgcc.a(_muluhisi3.o)
 .bss           0x0000000000000000        0x0 /usr/lib/gcc/avr/6.2.0/avr5/libgcc.a(_muluhisi3.o)
 .text.libgcc.div
                0x0000000000000000        0x0 /usr/lib/gcc/avr/6.2.0/avr5/libgcc.a(_muluhisi3.o)
 .text.libgcc   0x0000000000000000        0x0 /usr/lib/gcc/avr/6.2.0/avr5/libgcc.a(_muluhisi3.o)
 .text.libgcc.prologue
                0x0000000000000000        0x0 /usr/lib/gcc/avr/6.2.0/avr5/libgcc.a(_muluhisi3.o)
 .text.libgcc.builtins
                0x0000000000000000        0x0 /usr/lib/gcc/avr/6.2.0/avr5/libgcc.a(_muluhisi3.o)
 .text.libgcc.fmul
                0x0000000000000000        0x0 /usr/lib/gcc/avr/6.2.0/avr5/libgcc.a(_muluhisi3.o)
 .text.libgcc.fixed
                0x0000000000000000        0x0 /usr/lib/gcc/avr/6.2.0/avr5/libgcc.a(_muluhisi3.o)
 .text          0x0000000000000000        0x0 /usr/lib/gcc/avr/6.2.0/avr5/libgcc.a(_mulshisi3.o)
 .data          0x0000000000000000        0x0 /usr/lib/gcc/avr/6.2.0/avr5/libgcc.a(_mulshisi3.o)
 .bss           0x0000000000000000        0x0 /usr/lib/gcc/avr/6.2.0/avr5/libgcc.a(_mulshisi3.o)
 .text.libgcc.div
                0x0000000000000000        0x0 /usr/lib/gcc/avr/6.2.0/avr5/libgcc.a(_mulshisi3.o)
 .text.libgcc   0x0000000000000000        0x0 /usr/lib/gcc/avr/6.2.0/avr5/libgcc.a(_mulshisi3.o)
 .text.libgcc.prologue
                0x0000000000000000        0x0 /usr/lib/gcc/avr/6.2.0/avr5/libgcc.a(_mulshisi3.o)
 .text.libgcc.builtins
                0x0000000000000000        0x0 /usr/lib/gcc/avr/6.2.0/avr5/libgcc.a(_mulshisi3.o)
 .text.libgcc.fmul
                0x0000000000000000        0x0 /usr/lib/gcc/avr/6.2.0/avr5/libgcc.a(_mulshisi3.o)
 .text.libgcc.fixed
                0x0000000000000000        0x0 /usr/lib/gcc/avr/6.2.0/avr5/libgcc.a(_mulshisi3.o)
 .text          0x0000000000000000        0x0 /usr/lib/gcc/avr/6.2.0/avr5/libgcc.a(_udivmodsi4.o)
 .data          0x0000000000000000        0x0 /usr/lib/gcc/avr/6.2.0/avr5/libgcc.a(_udivmodsi4.o)
 .bss           0x0000000000000000        0x0 /usr/lib/gcc/avr/6.2.0/avr5/libgcc.a(_udivmodsi4.o)
 .text.libgcc.mul
                0x0000000000000000        0x0 /usr/lib/gcc/avr/6.2.0/avr5/libgcc.a(_udivmodsi4.o)
 .text.libgcc   0x0000000000000000        0x0 /usr/lib/gcc/avr/6.2.0/avr5/libgcc.a(_udivmodsi4.o)
 .text.libgcc.prologue
                0x0000000000000000        0x0 /usr/lib/gcc/avr/6.2.0/avr5/libgcc.a(_udivmodsi4.o)
 .text.libgcc.builtins
                0x0000000000000000        0x0 /usr/lib/gcc/avr/6.2.0/avr5/libgcc.a(_udivmodsi4.o)
 .text.libgcc.fmul
                0x0000000000000000        0x0 /usr/lib/gcc/avr/6.2.0/avr5/libgcc.a(_udivmodsi4.o)
 .text.libgcc.fixed
                0x0000000000000000        0x0 /usr/lib/gcc/avr/6.2.0/avr5/libgcc.a(_udivmodsi4.o)
 .text          0x0000000000000000        0x0 /usr/lib/gcc/avr/6.2.0/avr5/libgcc.a(_umulhisi3.o)
 .data          0x0000000000000000        0x0 /usr/lib/gcc/avr/6.2.0/avr5/libgcc.a(_umulhisi3.o)
 .bss           0x0000000000000000        0x0 /usr/lib/gcc/avr/6.2.0/avr5/libgcc.a(_umulhisi3.o)
 .text.libgcc.div
                0x0000000000000000        0x0 /usr/lib/gcc/avr/6.2.0/avr5/libgcc.a(_umulhisi3.o)
 .text.libgcc   0x0000000000000000        0x0 /usr/lib/gcc/avr/6.2.0/avr5/libgcc.a(_umulhisi3.o)
 .text.libgcc.prologue
                0x0000000000000000        0x0 /usr/lib/gcc/avr/6.2.0/avr5/libgcc.a(_umulhisi3.o)
 .text.libgcc.builtins
                0x0000000000000000        0x0 /usr/lib/gcc/avr/6.2.0/avr5/libgcc.a(_umulhisi3.o)
 .text.libgcc.fmul
                0x0000000000000000        0x0 /usr/lib/gcc/avr/6.2.0/avr5/libgcc.a(_umulhisi3.o)
 .text.libgcc.fixed
                0x0000000000000000        0x0 /usr/lib/gcc/avr/6.2.0/avr5/libgcc.a(_umulhisi3.o)

Memory Configuration

Name             Origin             Length             Attributes
text             0x0000000000000000 0x0000000000020000 xr
data             0x0000000000800060 0x000000000000ffa0 rw !x
eeprom           0x0000000000810000 0x0000000000010000 rw !x
fuse             0x0000000000820000 0x0000000000000400 rw !x
lock             0x0000000000830000 0x0000000000000400 rw !x
signature        0x0000000000840000 0x0000000000000400 rw !x
user_signatures  0x0000000000850000 0x0000000000000400 rw !x
*default*        0x0000000000000000 0xffffffffffffffff

Linker script and memory map

Address of section .data set to 0x800100
LOAD /usr/lib/gcc/avr/6.2.0/../../../../avr/lib/avr5/crtatmega32u4.o
LOAD sprite_demo.o
LOAD one_square.o
LOAD ten_squares.o
LOAD blockhead.o
LOAD /usr/lib/gcc/avr/6.2.0/../../../../avr/lib/avr5/libprintf_flt.a
LOAD /usr/lib/gcc/avr/6.2.0/../../../../avr/lib/avr5/libm.a
LOAD ../cab202_teensy/libcab202_teensy.a
START GROUP
LOAD /usr/lib/gcc/avr/6.2.0/avr5/libgcc.a
LOAD /usr/lib/gcc/avr/6.2.0/../../../../avr/lib/avr5/libm.a
LOAD /usr/lib/gcc/avr/6.2.0/../../../../avr/lib/avr5/libc.a
LOAD /usr/lib/gcc/avr/6.2.0/../../../../avr/lib/avr5/libatmega32u4.a
END GROUP
                0x0000000000020000                __TEXT_REGION_LENGTH__ = DEFINED (__TEXT_REGION_LENGTH__)?__TEXT_REGION_LENGTH__:0x20000
                0x000000000000ffa0                __DATA_REGION_LENGTH__ = DEFINED (__DATA_REGION_LENGTH__)?__DATA_REGION_LENGTH__:0xffa0
                0x0000000000010000                __EEPROM_REGION_LENGTH__ = DEFINED (__EEPROM_REGION_LENGTH__)?__EEPROM_REGION_LENGTH__:0x10000
                0x0000000000000400                __FUSE_REGION_LENGTH__ = DEFINED (__FUSE_REGION_LENGTH__)?__FUSE_REGION_LENGTH__:0x400
                0x0000000000000400                __LOCK_REGION_LENGTH__ = DEFINED (__LOCK_REGION_LENGTH__)?__LOCK_REGION_LENGTH__:0x400
                0x0000000000000400                __SIGNATURE_REGION_LENGTH__ = DEFINED (__SIGNATURE_REGION_LENGTH__)?__SIGNATURE_REGION_LENGTH__:0x400
                0x0000000000000400                __USER_SIGNATURE_REGION_LENGTH__ = DEFINED (__USER_SIGNATURE_REGION_LENGTH__)?__USER_SIGNATURE_REGION_LENGTH__:0x400

.hash
 *(.hash)

.dynsym
 *(.dynsym)

.dynstr
 *(.dynstr)

.gnu.version
 *(.gnu.version)

.gnu.version_d
 *(.gnu.version_d)

.gnu.version_r
 *(.gnu.version_r)

.rel.init
 *(.rel.init)

.rela.init
 *(.rela.init)

.rel.text
 *(.rel.text)
 *(.rel.text.*)
 *(.rel.gnu.linkonce.t*)

.rela.text
 *(.rela.text)
 *(.rela.text.*)
 *(.rela.gnu.linkonce.t*)

.rel.fini
 *(.rel.fini)

.rela.fini
 *(.rela.fini)

.rel.rodata
 *(.rel.rodata)
 *(.rel.rodata.*)
 *(.rel.gnu.linkonce.r*)

.rela.rodata
 *(.rela.rodata)
 *(.rela.rodata.*)
 *(.rela.gnu.linkonce.r*)

.rel.data
 *(.rel.data)
 *(.rel.data.*)
 *(.rel.gnu.linkonce.d*)

.rela.data
 *(.rela.data)
 *(.rela.data.*)
 *(.rela.gnu.linkonce.d*)

.rel.ctors
 *(.rel.ctors)

.rela.ctors
 *(.rela.ctors)

.rel.dtors
 *(.rel.dtors)

.rela.dtors
 *(.rela.dtors)

.rel.got
 *(.rel.got)

.rela.got
 *(.rela.got)

.rel.bss
 *(.rel.bss)

.rela.bss
 *(.rela.bss)

.rel.plt
 *(.rel.plt)

.rela.plt
 *(.rela.plt)

.text           0x0000000000000000     0x1fc0
 *(.vectors)
 .vectors       0x0000000000000000       0xac /usr/lib/gcc/avr/6.2.0/../../../../avr/lib/avr5/crtatmega32u4.o
                0x0000000000000000                __vectors
                0x0000000000000000                __vector_default
 *(.vectors)
 *(.progmem.gcc*)
 .progmem.gcc_fplib
                0x00000000000000ac       0x1e /usr/lib/gcc/avr/6.2.0/../../../../avr/lib/avr5/libm.a(fp_sinus.o)
                0x00000000000000ca                . = ALIGN (0x2)
                0x00000000000000ca                __trampolines_start = .
 *(.trampolines)
 .trampolines   0x00000000000000ca        0x0 linker stubs
 *(.trampolines*)
                0x00000000000000ca                __trampolines_end = .
 *libprintf_flt.a:*(.progmem.data)
 .progmem.data  0x00000000000000ca        0x8 /usr/lib/gcc/avr/6.2.0/../../../../avr/lib/avr5/libprintf_flt.a(vfprintf_flt.o)
 *libc.a:*(.progmem.data)
 .progmem.data  0x00000000000000d2       0xfa /usr/lib/gcc/avr/6.2.0/../../../../avr/lib/avr5/libc.a(ftoa_engine.o)
 *(.progmem*)
 .progmem.data  0x00000000000001cc      0x1e0 ../cab202_teensy/libcab202_teensy.a(graphics.o)
                0x00000000000003ac                . = ALIGN (0x2)
 *(.jumptables)
 *(.jumptables*)
 *(.lowtext)
 *(.lowtext*)
                0x00000000000003ac                __ctors_start = .
 *(.ctors)
                0x00000000000003ac                __ctors_end = .
                0x00000000000003ac                __dtors_start = .
 *(.dtors)
                0x00000000000003ac                __dtors_end = .
 SORT(*)(.ctors)
 SORT(*)(.dtors)
 *(.init0)
 .init0         0x00000000000003ac        0x0 /usr/lib/gcc/avr/6.2.0/../../../../avr/lib/avr5/crtatmega32u4.o
                0x00000000000003ac                __init
 *(.init0)
 *(.init1)
 *(.init1)
 *(.init2)
 .init2         0x00000000000003ac        0xc /usr/lib/gcc/avr/6.2.0/../../../../avr/lib/avr5/crtatmega32u4.o
 *(.init2)
 *(.init3)
 *(.init3)
 *(.init4)
 .init4         0x00000000000003b8       0x16 /usr/lib/gcc/avr/6.2.0/avr5/libgcc.a(_copy_data.o)
                0x00000000000003b8                __do_copy_data
 .init4         0x00000000000003ce       0x10 /usr/lib/gcc/avr/6.2.0/avr5/libgcc.a(_clear_bss.o)
                0x00000000000003ce                __do_clear_bss
 *(.init4)
 *(.init5)
 *(.init5)
 *(.init6)
 *(.init6)
 *(.init7)
 *(.init7)
 *(.init8)
 *(.init8)
 *(.init9)
 .init9         0x00000000000003de        0x6 /usr/lib/gcc/avr/6.2.0/../../../../avr/lib/avr5/crtatmega32u4.o
 *(.init9)
 *(.text)
 .text          0x00000000000003e4        0x2 /usr/lib/gcc/avr/6.2.0/../../../../avr/lib/avr5/crtatmega32u4.o
                0x00000000000003e4                __vector_38
                0x00000000000003e4                __vector_22
                0x00000000000003e4                __vector_28
                0x00000000000003e4                __vector_1
                0x00000000000003e4                __vector_32
                0x00000000000003e4                __vector_34
                0x00000000000003e4                __vector_24
                0x00000000000003e4                __vector_12
                0x00000000000003e4                __bad_interrupt
                0x00000000000003e4                __vector_6
                0x00000000000003e4                __vector_31
                0x00000000000003e4                __vector_35
                0x00000000000003e4                __vector_39
                0x00000000000003e4                __vector_3
                0x00000000000003e4                __vector_23
                0x00000000000003e4                __vector_30
                0x00000000000003e4                __vector_25
                0x00000000000003e4                __vector_11
                0x00000000000003e4                __vector_13
                0x00000000000003e4                __vector_17
                0x00000000000003e4                __vector_19
                0x00000000000003e4                __vector_7
                0x00000000000003e4                __vector_41
                0x00000000000003e4                __vector_27
                0x00000000000003e4                __vector_5
                0x00000000000003e4                __vector_33
                0x00000000000003e4                __vector_37
                0x00000000000003e4                __vector_4
                0x00000000000003e4                __vector_9
                0x00000000000003e4                __vector_2
                0x00000000000003e4                __vector_21
                0x00000000000003e4                __vector_15
                0x00000000000003e4                __vector_36
                0x00000000000003e4                __vector_29
                0x00000000000003e4                __vector_40
                0x00000000000003e4                __vector_8
                0x00000000000003e4                __vector_26
                0x00000000000003e4                __vector_14
                0x00000000000003e4                __vector_10
                0x00000000000003e4                __vector_16
                0x00000000000003e4                __vector_18
                0x00000000000003e4                __vector_20
                0x00000000000003e4                __vector_42
                0x00000000000003e6                . = ALIGN (0x2)
 *(.text.*)
 .text.setup_device
                0x00000000000003e6       0x26 sprite_demo.o
                0x00000000000003e6                setup_device
 .text.startup.main
                0x000000000000040c       0x1a sprite_demo.o
                0x000000000000040c                main
 .text.update_one_square
                0x0000000000000426      0x140 one_square.o
                0x0000000000000426                update_one_square
 .text.play_one_square
                0x0000000000000566      0x14c one_square.o
                0x0000000000000566                play_one_square
 .text.setup_ten_squares
                0x00000000000006b2      0x118 ten_squares.o
                0x00000000000006b2                setup_ten_squares
 .text.update_ten_squares
                0x00000000000007ca       0x26 ten_squares.o
                0x00000000000007ca                update_ten_squares
 .text.draw_ten_squares
                0x00000000000007f0       0x28 ten_squares.o
                0x00000000000007f0                draw_ten_squares
 .text.play_ten_squares
                0x0000000000000818      0x156 ten_squares.o
                0x0000000000000818                play_ten_squares
 .text.update_blockhead
                0x000000000000096e       0xc4 blockhead.o
                0x000000000000096e                update_blockhead
 .text.do_the_walk
                0x0000000000000a32      0x104 blockhead.o
                0x0000000000000a32                do_the_walk
 .text.walk_the_walk
                0x0000000000000b36       0x66 blockhead.o
                0x0000000000000b36                walk_the_walk
 .text.avr-libc
                0x0000000000000b9c      0x6a4 /usr/lib/gcc/avr/6.2.0/../../../../avr/lib/avr5/libprintf_flt.a(vfprintf_flt.o)
                0x0000000000000b9c                vfprintf
 .text.avr-libc.fplib
                0x0000000000001240        0xa /usr/lib/gcc/avr/6.2.0/../../../../avr/lib/avr5/libm.a(addsf3.o)
                0x0000000000001240                __subsf3
                0x0000000000001242                __addsf3
 .text.avr-libc.fplib
                0x000000000000124a       0xc0 /usr/lib/gcc/avr/6.2.0/../../../../avr/lib/avr5/libm.a(addsf3x.o)
                0x0000000000001264                __addsf3x
 .text.avr-libc.fplib
                0x000000000000130a        0x8 /usr/lib/gcc/avr/6.2.0/../../../../avr/lib/avr5/libm.a(cmpsf2.o)
                0x000000000000130a                __lesf2
                0x000000000000130a                __nesf2
                0x000000000000130a                __eqsf2
                0x000000000000130a                __cmpsf2
                0x000000000000130a                __ltsf2
 .text.avr-libc.fplib
                0x0000000000001312        0x6 /usr/lib/gcc/avr/6.2.0/../../../../avr/lib/avr5/libm.a(cos.o)
                0x0000000000001312                cos
 .text.avr-libc.fplib
                0x0000000000001318       0x7a /usr/lib/gcc/avr/6.2.0/../../../../avr/lib/avr5/libm.a(floatsisf.o)
                0x0000000000001318                __floatunsisf
                0x000000000000131c                __floatsisf
 .text.avr-libc.fplib
                0x0000000000001392       0x48 /usr/lib/gcc/avr/6.2.0/../../../../avr/lib/avr5/libm.a(fp_cmp.o)
                0x0000000000001392                __fp_cmp
 .text.avr-libc.fplib
                0x00000000000013da        0xc /usr/lib/gcc/avr/6.2.0/../../../../avr/lib/avr5/libm.a(fp_inf.o)
                0x00000000000013da                __fp_inf
 .text.avr-libc.fplib
                0x00000000000013e6        0x6 /usr/lib/gcc/avr/6.2.0/../../../../avr/lib/avr5/libm.a(fp_nan.o)
                0x00000000000013e6                __fp_nan
 .text.avr-libc.fplib
                0x00000000000013ec        0xe /usr/lib/gcc/avr/6.2.0/../../../../avr/lib/avr5/libm.a(fp_pscA.o)
                0x00000000000013ec                __fp_pscA
 .text.avr-libc.fplib
                0x00000000000013fa        0xe /usr/lib/gcc/avr/6.2.0/../../../../avr/lib/avr5/libm.a(fp_pscB.o)
                0x00000000000013fa                __fp_pscB
 .text.avr-libc.fplib
                0x0000000000001408       0x50 /usr/lib/gcc/avr/6.2.0/../../../../avr/lib/avr5/libm.a(fp_rempio2.o)
                0x000000000000140a                __fp_rempio2
 .text.avr-libc.fplib
                0x0000000000001458       0x22 /usr/lib/gcc/avr/6.2.0/../../../../avr/lib/avr5/libm.a(fp_round.o)
                0x0000000000001458                __fp_round
 .text.avr-libc.fplib
                0x000000000000147a       0x22 /usr/lib/gcc/avr/6.2.0/../../../../avr/lib/avr5/libm.a(fp_sinus.o)
                0x000000000000147a                __fp_sinus
 .text.avr-libc.fplib
                0x000000000000149c       0x44 /usr/lib/gcc/avr/6.2.0/../../../../avr/lib/avr5/libm.a(fp_split3.o)
                0x000000000000149c                __fp_split3
                0x00000000000014ac                __fp_splitA
 .text.avr-libc.fplib
                0x00000000000014e0        0xe /usr/lib/gcc/avr/6.2.0/../../../../avr/lib/avr5/libm.a(fp_zero.o)
                0x00000000000014e0                __fp_zero
                0x00000000000014e2                __fp_szero
 .text.avr-libc.fplib
                0x00000000000014ee        0x8 /usr/lib/gcc/avr/6.2.0/../../../../avr/lib/avr5/libm.a(gesf2.o)
                0x00000000000014ee                __gtsf2
                0x00000000000014ee                __gesf2
 .text.avr-libc.fplib
                0x00000000000014f6        0x4 /usr/lib/gcc/avr/6.2.0/../../../../avr/lib/avr5/libm.a(mulsf3.o)
                0x00000000000014f6                __mulsf3
 .text.avr-libc.fplib
                0x00000000000014fa       0xc2 /usr/lib/gcc/avr/6.2.0/../../../../avr/lib/avr5/libm.a(mulsf3x.o)
                0x000000000000150e                __mulsf3x
                0x0000000000001512                __mulsf3_pse
 .text.avr-libc.fplib
                0x00000000000015bc        0xc /usr/lib/gcc/avr/6.2.0/../../../../avr/lib/avr5/libm.a(sin.o)
                0x00000000000015bc                sin
 .text.avr-libc.fplib
                0x00000000000015c8       0x1c /usr/lib/gcc/avr/6.2.0/../../../../avr/lib/avr5/libm.a(fp_mpack.o)
                0x00000000000015c8                __fp_mpack
                0x00000000000015cc                __fp_mpack_finite
 .text.avr-libc.fplib
                0x00000000000015e4       0x22 /usr/lib/gcc/avr/6.2.0/../../../../avr/lib/avr5/libm.a(fp_powsodd.o)
                0x00000000000015e4                __fp_powsodd
 .text.avr-libc.fplib
                0x0000000000001606       0x4a /usr/lib/gcc/avr/6.2.0/../../../../avr/lib/avr5/libm.a(fp_powser.o)
                0x0000000000001606                __fp_powser
 .text.show_screen
                0x0000000000001650       0x22 ../cab202_teensy/libcab202_teensy.a(graphics.o)
                0x0000000000001650                show_screen
 .text.clear_screen
                0x0000000000001672       0x10 ../cab202_teensy/libcab202_teensy.a(graphics.o)
                0x0000000000001672                clear_screen
 .text.set_pixel
                0x0000000000001682       0x50 ../cab202_teensy/libcab202_teensy.a(graphics.o)
                0x0000000000001682                set_pixel
 .text.draw_char
                0x00000000000016d2       0xac ../cab202_teensy/libcab202_teensy.a(graphics.o)
                0x00000000000016d2                draw_char
 .text.draw_string
                0x000000000000177e       0x2c ../cab202_teensy/libcab202_teensy.a(graphics.o)
                0x000000000000177e                draw_string
 .text.lcd_write
                0x00000000000017aa       0x3c ../cab202_teensy/libcab202_teensy.a(lcd.o)
                0x00000000000017aa                lcd_write
 .text.lcd_init
                0x00000000000017e6       0x4e ../cab202_teensy/libcab202_teensy.a(lcd.o)
                0x00000000000017e6                lcd_init
 .text.lcd_position
                0x0000000000001834       0x14 ../cab202_teensy/libcab202_teensy.a(lcd.o)
                0x0000000000001834                lcd_position
 .text.init_sprite
                0x0000000000001848       0x48 ../cab202_teensy/libcab202_teensy.a(sprite.o)
                0x0000000000001848                init_sprite
 .text.draw_sprite
                0x0000000000001890      0x102 ../cab202_teensy/libcab202_teensy.a(sprite.o)
                0x0000000000001890                draw_sprite
 .text.libgcc.div
                0x0000000000001992       0x26 /usr/lib/gcc/avr/6.2.0/avr5/libgcc.a(_divmodhi4.o)
                0x0000000000001992                __divmodhi4
                0x0000000000001992                _div
 .text.libgcc.prologue
                0x00000000000019b8       0x38 /usr/lib/gcc/avr/6.2.0/avr5/libgcc.a(_prologue.o)
                0x00000000000019b8                __prologue_saves__
 .text.libgcc.prologue
                0x00000000000019f0       0x36 /usr/lib/gcc/avr/6.2.0/avr5/libgcc.a(_epilogue.o)
                0x00000000000019f0                __epilogue_restores__
 .text.libgcc.div
                0x0000000000001a26       0x28 /usr/lib/gcc/avr/6.2.0/avr5/libgcc.a(_udivmodhi4.o)
                0x0000000000001a26                __udivmodhi4
 .text.avr-libc.fplib
                0x0000000000001a4e       0x26 /usr/lib/gcc/avr/6.2.0/../../../../avr/lib/avr5/libm.a(ceil.o)
                0x0000000000001a4e                ceil
 .text.avr-libc.fplib
                0x0000000000001a74        0xa /usr/lib/gcc/avr/6.2.0/../../../../avr/lib/avr5/libm.a(fixsfsi.o)
                0x0000000000001a74                __fixsfsi
 .text.avr-libc.fplib
                0x0000000000001a7e       0x58 /usr/lib/gcc/avr/6.2.0/../../../../avr/lib/avr5/libm.a(fixunssfsi.o)
                0x0000000000001a7e                __fixunssfsi
 .text.avr-libc.fplib
                0x0000000000001ad6       0x26 /usr/lib/gcc/avr/6.2.0/../../../../avr/lib/avr5/libm.a(floor.o)
                0x0000000000001ad6                floor
 .text.avr-libc.fplib
                0x0000000000001afc       0x36 /usr/lib/gcc/avr/6.2.0/../../../../avr/lib/avr5/libm.a(fp_mintl.o)
                0x0000000000001afc                __fp_mintl
 .text.avr-libc.fplib
                0x0000000000001b32       0x2e /usr/lib/gcc/avr/6.2.0/../../../../avr/lib/avr5/libm.a(fp_trunc.o)
                0x0000000000001b32                __fp_trunc
 .text.avr-libc
                0x0000000000001b60       0xaa /usr/lib/gcc/avr/6.2.0/../../../../avr/lib/avr5/libc.a(random.o)
                0x0000000000001bf0                random_r
                0x0000000000001bf2                random
                0x0000000000001bf8                srandom
 .text.avr-libc
                0x0000000000001c0a      0x1b0 /usr/lib/gcc/avr/6.2.0/../../../../avr/lib/avr5/libc.a(ftoa_engine.o)
                0x0000000000001c0a                __ftoa_engine
 .text.avr-libc
                0x0000000000001dba       0x16 /usr/lib/gcc/avr/6.2.0/../../../../avr/lib/avr5/libc.a(strnlen_P.o)
                0x0000000000001dba                strnlen_P
 .text.avr-libc
                0x0000000000001dd0       0x16 /usr/lib/gcc/avr/6.2.0/../../../../avr/lib/avr5/libc.a(strnlen.o)
                0x0000000000001dd0                strnlen
 .text.avr-libc
                0x0000000000001de6       0x60 /usr/lib/gcc/avr/6.2.0/../../../../avr/lib/avr5/libc.a(fputc.o)
                0x0000000000001de6                fputc
 .text.avr-libc
                0x0000000000001e46       0xbc /usr/lib/gcc/avr/6.2.0/../../../../avr/lib/avr5/libc.a(ultoa_invert.o)
                0x0000000000001e46                __ultoa_invert
 .text.libgcc.div
                0x0000000000001f02       0x28 /usr/lib/gcc/avr/6.2.0/avr5/libgcc.a(_divmodsi4.o)
                0x0000000000001f02                __divmodsi4
 .text.libgcc.div
                0x0000000000001f2a       0x10 /usr/lib/gcc/avr/6.2.0/avr5/libgcc.a(_negsi2.o)
                0x0000000000001f2a                __negsi2
 .text.libgcc.mul
                0x0000000000001f3a       0x14 /usr/lib/gcc/avr/6.2.0/avr5/libgcc.a(_muluhisi3.o)
                0x0000000000001f3a                __muluhisi3
 .text.libgcc.mul
                0x0000000000001f4e        0xc /usr/lib/gcc/avr/6.2.0/avr5/libgcc.a(_mulshisi3.o)
                0x0000000000001f4e                __mulshisi3
                0x0000000000001f52                __mulohisi3
 .text.libgcc.div
                0x0000000000001f5a       0x44 /usr/lib/gcc/avr/6.2.0/avr5/libgcc.a(_udivmodsi4.o)
                0x0000000000001f5a                __udivmodsi4
 .text.libgcc.mul
                0x0000000000001f9e       0x1e /usr/lib/gcc/avr/6.2.0/avr5/libgcc.a(_umulhisi3.o)
                0x0000000000001f9e                __umulhisi3
                0x0000000000001fbc                . = ALIGN (0x2)
 *(.fini9)
 .fini9         0x0000000000001fbc        0x0 /usr/lib/gcc/avr/6.2.0/avr5/libgcc.a(_exit.o)
                0x0000000000001fbc                exit
                0x0000000000001fbc                _exit
 *(.fini9)
 *(.fini8)
 *(.fini8)
 *(.fini7)
 *(.fini7)
 *(.fini6)
 *(.fini6)
 *(.fini5)
 *(.fini5)
 *(.fini4)
 *(.fini4)
 *(.fini3)
 *(.fini3)
 *(.fini2)
 *(.fini2)
 *(.fini1)
 *(.fini1)
 *(.fini0)
 .fini0         0x0000000000001fbc        0x4 /usr/lib/gcc/avr/6.2.0/avr5/libgcc.a(_exit.o)
 *(.fini0)
                0x0000000000001fc0                _etext = .

.data           0x0000000000800100      0x170 load address 0x0000000000001fc0
                0x0000000000800100                PROVIDE (__data_start, .)
 *(.data)
 .data          0x0000000000800100        0x8 one_square.o
 .data          0x0000000000800108       0x1d ten_squares.o
 .data          0x0000000000800125       0xc8 blockhead.o
 .data          0x00000000008001ed        0x4 /usr/lib/gcc/avr/6.2.0/../../../../avr/lib/avr5/libc.a(random.o)
 *(.data*)
 *(.rodata)
 .rodata        0x00000000008001f1        0xc ten_squares.o
 .rodata        0x00000000008001fd        0x8 blockhead.o
 *(.rodata*)
 .rodata.str1.1
                0x0000000000800205       0x10 sprite_demo.o
 .rodata.str1.1
                0x0000000000800215       0x1e one_square.o
 .rodata.str1.1
                0x0000000000800233        0xf ten_squares.o
                                         0x25 (size before relaxing)
 .rodata.str1.1
                0x0000000000800242       0x2d blockhead.o
 *(.gnu.linkonce.d*)
                0x0000000000800270                . = ALIGN (0x2)
 *fill*         0x000000000080026f        0x1 
                0x0000000000800270                _edata = .
                0x0000000000800270                PROVIDE (__data_end, .)

.bss            0x0000000000800270      0x1f8
                0x0000000000800270                PROVIDE (__bss_start, .)
 *(.bss)
 *(.bss*)
 *(COMMON)
 COMMON         0x0000000000800270      0x1f8 ../cab202_teensy/libcab202_teensy.a(graphics.o)
                0x0000000000800270                screen_buffer
                0x0000000000800468                PROVIDE (__bss_end, .)
                0x0000000000001fc0                __data_load_start = LOADADDR (.data)
                0x0000000000002130                __data_load_end = (__data_load_start + SIZEOF (.data))

.noinit         0x0000000000800468        0x0
                [!provide]                        PROVIDE (__noinit_start, .)
 *(.noinit*)
                [!provide]                        PROVIDE (__noinit_end, .)
                0x0000000000800468                _end = .
                [!provide]                        PROVIDE (__heap_start, .)

.eeprom         0x0000000000810000        0x0
 *(.eeprom*)
                0x0000000000810000                __eeprom_end = .

.fuse
 *(.fuse)
 *(.lfuse)
 *(.hfuse)
 *(.efuse)

.lock
 *(.lock*)

.signature
 *(.signature*)

.stab
 *(.stab)

.stabstr
 *(.stabstr)

.stab.excl
 *(.stab.excl)

.stab.exclstr
 *(.stab.exclstr)

.stab.index
 *(.stab.index)

.stab.indexstr
 *(.stab.indexstr)

.comment        0x0000000000000000       0x22
 *(.comment)
 .comment       0x0000000000000000       0x11 sprite_demo.o
                                         0x12 (size before relaxing)
 .comment       0x0000000000000011       0x12 one_square.o
 .comment       0x0000000000000011       0x12 ten_squares.o
 .comment       0x0000000000000011       0x12 blockhead.o
 .comment       0x0000000000000011       0x11 /usr/lib/gcc/avr/6.2.0/../../../../avr/lib/avr5/libprintf_flt.a(vfprintf_flt.o)
                                         0x12 (size before relaxing)
 .comment       0x0000000000000022       0x12 ../cab202_teensy/libcab202_teensy.a(graphics.o)
 .comment       0x0000000000000022       0x12 ../cab202_teensy/libcab202_teensy.a(lcd.o)
 .comment       0x0000000000000022       0x12 ../cab202_teensy/libcab202_teensy.a(sprite.o)
 .comment       0x0000000000000022       0x12 /usr/lib/gcc/avr/6.2.0/../../../../avr/lib/avr5/libc.a(random.o)
 .comment       0x0000000000000022       0x12 /usr/lib/gcc/avr/6.2.0/../../../../avr/lib/avr5/libc.a(fputc.o)

.note.gnu.avr.deviceinfo
                0x0000000000000000       0x40
 .note.gnu.avr.deviceinfo
                0x0000000000000000       0x40 /usr/lib/gcc/avr/6.2.0/../../../../avr/lib/avr5/crtatmega32u4.o

.note.gnu.build-id
 *(.note.gnu.build-id)

.debug
 *(.debug)

.line
 *(.line)

.debug_srcinfo
 *(.debug_srcinfo)

.debug_sfnames
 *(.debug_sfnames)

.debug_aranges  0x0000000000000000      0x160
 *(.debug_aranges)
 .debug_aranges
                0x0000000000000000       0x28 sprite_demo.o
 .debug_aranges
                0x0000000000000028       0x28 one_square.o
 .debug_aranges
                0x0000000000000050       0x38 ten_squares.o
 .debug_aranges
                0x0000000000000088       0x30 blockhead.o
 .debug_aranges
                0x00000000000000b8       0x48 ../cab202_teensy/libcab202_teensy.a(graphics.o)
 .debug_aranges
                0x0000000000000100       0x38 ../cab202_teensy/libcab202_teensy.a(lcd.o)
 .debug_aranges
                0x0000000000000138       0x28 ../cab202_teensy/libcab202_teensy.a(sprite.o)

.debug_pubnames
 *(.debug_pubnames)

.debug_info     0x0000000000000000     0x35bb
 *(.debug_info .gnu.linkonce.wi.*)
 .debug_info    0x0000000000000000      0x9f4 /usr/lib/gcc/avr/6.2.0/../../../../avr/lib/avr5/crtatmega32u4.o
 .debug_info    0x00000000000009f4      0x3a5 sprite_demo.o
 .debug_info    0x0000000000000d99      0x81b one_square.o
 .debug_info    0x00000000000015b4      0xab6 ten_squares.o
 .debug_info    0x000000000000206a      0x783 blockhead.o
 .debug_info    0x00000000000027ed      0x508 ../cab202_teensy/libcab202_teensy.a(graphics.o)
 .debug_info    0x0000000000002cf5      0x47f ../cab202_teensy/libcab202_teensy.a(lcd.o)
 .debug_info    0x0000000000003174      0x447 ../cab202_teensy/libcab202_teensy.a(sprite.o)

.debug_abbrev   0x0000000000000000     0x155c
 *(.debug_abbrev)
 .debug_abbrev  0x0000000000000000      0x96a /usr/lib/gcc/avr/6.2.0/../../../../avr/lib/avr5/crtatmega32u4.o
 .debug_abbrev  0x000000000000096a       0xf5 sprite_demo.o
 .debug_abbrev  0x0000000000000a5f      0x222 one_square.o
 .debug_abbrev  0x0000000000000c81      0x25d ten_squares.o
 .debug_abbrev  0x0000000000000ede      0x1f0 blockhead.o
 .debug_abbrev  0x00000000000010ce      0x1ff ../cab202_teensy/libcab202_teensy.a(graphics.o)
 .debug_abbrev  0x00000000000012cd      0x12b ../cab202_teensy/libcab202_teensy.a(lcd.o)
 .debug_abbrev  0x00000000000013f8      0x164 ../cab202_teensy/libcab202_teensy.a(sprite.o)

.debug_line     0x0000000000000000      0xe00
 *(.debug_line .debug_line.* .debug_line_end)
 .debug_line    0x0000000000000000       0x1d /usr/lib/gcc/avr/6.2.0/../../../../avr/lib/avr5/crtatmega32u4.o
 .debug_line    0x000000000000001d      0x133 sprite_demo.o
 .debug_line    0x0000000000000150      0x224 one_square.o
 .debug_line    0x0000000000000374      0x2b7 ten_squares.o
 .debug_line    0x000000000000062b      0x23b blockhead.o
 .debug_line    0x0000000000000866      0x2c5 ../cab202_teensy/libcab202_teensy.a(graphics.o)
 .debug_line    0x0000000000000b2b      0x189 ../cab202_teensy/libcab202_teensy.a(lcd.o)
 .debug_line    0x0000000000000cb4      0x14c ../cab202_teensy/libcab202_teensy.a(sprite.o)

.debug_frame    0x0000000000000000      0x57c
 *(.debug_frame)
 .debug_frame   0x0000000000000000       0x34 sprite_demo.o
 .debug_frame   0x0000000000000034       0xe0 one_square.o
 .debug_frame   0x0000000000000114      0x124 ten_squares.o
 .debug_frame   0x0000000000000238       0xc4 blockhead.o
 .debug_frame   0x00000000000002fc      0x15c ../cab202_teensy/libcab202_teensy.a(graphics.o)
 .debug_frame   0x0000000000000458       0x70 ../cab202_teensy/libcab202_teensy.a(lcd.o)
 .debug_frame   0x00000000000004c8       0xb4 ../cab202_teensy/libcab202_teensy.a(sprite.o)

.debug_str      0x0000000000000000      0x83b
 *(.debug_str)
 .debug_str     0x0000000000000000      0x371 /usr/lib/gcc/avr/6.2.0/../../../../avr/lib/avr5/crtatmega32u4.o
 .debug_str     0x0000000000000371      0x1a0 sprite_demo.o
                                        0x1d4 (size before relaxing)
 .debug_str     0x0000000000000511      0x115 one_square.o
                                        0x2c1 (size before relaxing)
 .debug_str     0x0000000000000626       0x95 ten_squares.o
                                        0x34a (size before relaxing)
 .debug_str     0x00000000000006bb       0x5e blockhead.o
                                        0x2ad (size before relaxing)
 .debug_str     0x0000000000000719       0xea ../cab202_teensy/libcab202_teensy.a(graphics.o)
                                        0x247 (size before relaxing)
 .debug_str     0x0000000000000803       0x19 ../cab202_teensy/libcab202_teensy.a(lcd.o)
                                        0x198 (size before relaxing)
 .debug_str     0x000000000000081c       0x1f ../cab202_teensy/libcab202_teensy.a(sprite.o)
                                        0x1d4 (size before relaxing)

.debug_loc      0x0000000000000000     0x16ac
 *(.debug_loc)
 .debug_loc     0x0000000000000000      0x2a7 one_square.o
 .debug_loc     0x00000000000002a7      0x5db ten_squares.o
 .debug_loc     0x0000000000000882      0x244 blockhead.o
 .debug_loc     0x0000000000000ac6      0x804 ../cab202_teensy/libcab202_teensy.a(graphics.o)
 .debug_loc     0x00000000000012ca      0x178 ../cab202_teensy/libcab202_teensy.a(lcd.o)
 .debug_loc     0x0000000000001442      0x26a ../cab202_teensy/libcab202_teensy.a(sprite.o)

.debug_macinfo
 *(.debug_macinfo)

.debug_weaknames
 *(.debug_weaknames)

.debug_funcnames
 *(.debug_funcnames)

.debug_typenames
 *(.debug_typenames)

.debug_varnames
 *(.debug_varnames)

.debug_pubtypes
 *(.debug_pubtypes)

.debug_ranges   0x0000000000000000      0x188
 *(.debug_ranges)
 .debug_ranges  0x0000000000000000       0x18 sprite_demo.o
 .debug_ranges  0x0000000000000018       0x18 one_square.o
 .debug_ranges  0x0000000000000030       0x40 ten_squares.o
 .debug_ranges  0x0000000000000070       0x20 blockhead.o
 .debug_ranges  0x0000000000000090       0xa0 ../cab202_teensy/libcab202_teensy.a(graphics.o)
 .debug_ranges  0x0000000000000130       0x40 ../cab202_teensy/libcab202_teensy.a(lcd.o)
 .debug_ranges  0x0000000000000170       0x18 ../cab202_teensy/libcab202_teensy.a(sprite.o)

.debug_macro
 *(.debug_macro)
OUTPUT(sprite_demo.elf elf32-avr)
LOAD linker stubs

Cross Reference Table

Symbol                                            File
__addsf3                                          /usr/lib/gcc/avr/6.2.0/../../../../avr/lib/avr5/libm.a(addsf3.o)
                                                  ../cab202_teensy/libcab202_teensy.a(sprite.o)
                                                  ../cab202_teensy/libcab202_teensy.a(graphics.o)
                                                  blockhead.o
                                                  ten_squares.o
                                                  one_square.o
__addsf3x                                         /usr/lib/gcc/avr/6.2.0/../../../../avr/lib/avr5/libm.a(addsf3x.o)
                                                  /usr/lib/gcc/avr/6.2.0/../../../../avr/lib/avr5/libm.a(fp_powser.o)
                                                  /usr/lib/gcc/avr/6.2.0/../../../../avr/lib/avr5/libm.a(fp_sinus.o)
                                                  /usr/lib/gcc/avr/6.2.0/../../../../avr/lib/avr5/libm.a(addsf3.o)
__bad_interrupt                                   /usr/lib/gcc/avr/6.2.0/../../../../avr/lib/avr5/crtatmega32u4.o
__bss_end                                         /usr/lib/gcc/avr/6.2.0/avr5/libgcc.a(_clear_bss.o)
__bss_start                                       /usr/lib/gcc/avr/6.2.0/avr5/libgcc.a(_clear_bss.o)
__cmpsf2                                          /usr/lib/gcc/avr/6.2.0/../../../../avr/lib/avr5/libm.a(cmpsf2.o)
__data_end                                        /usr/lib/gcc/avr/6.2.0/avr5/libgcc.a(_copy_data.o)
__data_load_start                                 /usr/lib/gcc/avr/6.2.0/avr5/libgcc.a(_copy_data.o)
__data_start                                      /usr/lib/gcc/avr/6.2.0/avr5/libgcc.a(_copy_data.o)
__divmodhi4                                       /usr/lib/gcc/avr/6.2.0/avr5/libgcc.a(_divmodhi4.o)
                                                  blockhead.o
                                                  ten_squares.o
__divmodsi4                                       /usr/lib/gcc/avr/6.2.0/avr5/libgcc.a(_divmodsi4.o)
                                                  /usr/lib/gcc/avr/6.2.0/../../../../avr/lib/avr5/libc.a(random.o)
__divsf3                                          /usr/lib/gcc/avr/6.2.0/../../../../avr/lib/avr5/libm.a(divsf3.o)
                                                  ../cab202_teensy/libcab202_teensy.a(graphics.o)
__divsf3_pse                                      /usr/lib/gcc/avr/6.2.0/../../../../avr/lib/avr5/libm.a(divsf3x.o)
__divsf3x                                         /usr/lib/gcc/avr/6.2.0/../../../../avr/lib/avr5/libm.a(divsf3x.o)
                                                  /usr/lib/gcc/avr/6.2.0/../../../../avr/lib/avr5/libm.a(divsf3.o)
__do_clear_bss                                    /usr/lib/gcc/avr/6.2.0/avr5/libgcc.a(_clear_bss.o)
                                                  ../cab202_teensy/libcab202_teensy.a(graphics.o)
__do_copy_data                                    /usr/lib/gcc/avr/6.2.0/avr5/libgcc.a(_copy_data.o)
                                                  /usr/lib/gcc/avr/6.2.0/../../../../avr/lib/avr5/libc.a(random.o)
                                                  blockhead.o
                                                  ten_squares.o
                                                  one_square.o
                                                  sprite_demo.o
__epilogue_restores__                             /usr/lib/gcc/avr/6.2.0/avr5/libgcc.a(_epilogue.o)
                                                  /usr/lib/gcc/avr/6.2.0/../../../../avr/lib/avr5/libprintf_flt.a(vfprintf_flt.o)
__eqsf2                                           /usr/lib/gcc/avr/6.2.0/../../../../avr/lib/avr5/libm.a(cmpsf2.o)
__fixsfsi                                         /usr/lib/gcc/avr/6.2.0/../../../../avr/lib/avr5/libm.a(fixsfsi.o)
                                                  ../cab202_teensy/libcab202_teensy.a(sprite.o)
__fixunssfsi                                      /usr/lib/gcc/avr/6.2.0/../../../../avr/lib/avr5/libm.a(fixunssfsi.o)
                                                  /usr/lib/gcc/avr/6.2.0/../../../../avr/lib/avr5/libm.a(fixsfsi.o)
                                                  ../cab202_teensy/libcab202_teensy.a(sprite.o)
__floatsisf                                       /usr/lib/gcc/avr/6.2.0/../../../../avr/lib/avr5/libm.a(floatsisf.o)
                                                  ../cab202_teensy/libcab202_teensy.a(sprite.o)
                                                  ../cab202_teensy/libcab202_teensy.a(graphics.o)
                                                  blockhead.o
                                                  ten_squares.o
                                                  one_square.o
__floatunsisf                                     /usr/lib/gcc/avr/6.2.0/../../../../avr/lib/avr5/libm.a(floatsisf.o)
__fp_cmp                                          /usr/lib/gcc/avr/6.2.0/../../../../avr/lib/avr5/libm.a(fp_cmp.o)
                                                  /usr/lib/gcc/avr/6.2.0/../../../../avr/lib/avr5/libm.a(gesf2.o)
                                                  /usr/lib/gcc/avr/6.2.0/../../../../avr/lib/avr5/libm.a(cmpsf2.o)
__fp_inf                                          /usr/lib/gcc/avr/6.2.0/../../../../avr/lib/avr5/libm.a(fp_inf.o)
                                                  /usr/lib/gcc/avr/6.2.0/../../../../avr/lib/avr5/libm.a(divsf3x.o)
                                                  /usr/lib/gcc/avr/6.2.0/../../../../avr/lib/avr5/libm.a(mulsf3x.o)
                                                  /usr/lib/gcc/avr/6.2.0/../../../../avr/lib/avr5/libm.a(addsf3x.o)
__fp_mintl                                        /usr/lib/gcc/avr/6.2.0/../../../../avr/lib/avr5/libm.a(fp_mintl.o)
                                                  /usr/lib/gcc/avr/6.2.0/../../../../avr/lib/avr5/libm.a(floor.o)
                                                  /usr/lib/gcc/avr/6.2.0/../../../../avr/lib/avr5/libm.a(ceil.o)
__fp_mpack                                        /usr/lib/gcc/avr/6.2.0/../../../../avr/lib/avr5/libm.a(fp_mpack.o)
                                                  /usr/lib/gcc/avr/6.2.0/../../../../avr/lib/avr5/libm.a(floor.o)
                                                  /usr/lib/gcc/avr/6.2.0/../../../../avr/lib/avr5/libm.a(ceil.o)
__fp_mpack_finite                                 /usr/lib/gcc/avr/6.2.0/../../../../avr/lib/avr5/libm.a(fp_mpack.o)
                                                  /usr/lib/gcc/avr/6.2.0/../../../../avr/lib/avr5/libm.a(fp_rempio2.o)
__fp_nan                                          /usr/lib/gcc/avr/6.2.0/../../../../avr/lib/avr5/libm.a(fp_nan.o)
                                                  /usr/lib/gcc/avr/6.2.0/../../../../avr/lib/avr5/libm.a(divsf3x.o)
                                                  /usr/lib/gcc/avr/6.2.0/../../../../avr/lib/avr5/libm.a(mulsf3x.o)
                                                  /usr/lib/gcc/avr/6.2.0/../../../../avr/lib/avr5/libm.a(fp_rempio2.o)
                                                  /usr/lib/gcc/avr/6.2.0/../../../../avr/lib/avr5/libm.a(addsf3x.o)
__fp_powser                                       /usr/lib/gcc/avr/6.2.0/../../../../avr/lib/avr5/libm.a(fp_powser.o)
                                                  /usr/lib/gcc/avr/6.2.0/../../../../avr/lib/avr5/libm.a(fp_powsodd.o)
__fp_powsodd                                      /usr/lib/gcc/avr/6.2.0/../../../../avr/lib/avr5/libm.a(fp_powsodd.o)
                                                  /usr/lib/gcc/avr/6.2.0/../../../../avr/lib/avr5/libm.a(fp_sinus.o)
__fp_pscA                                         /usr/lib/gcc/avr/6.2.0/../../../../avr/lib/avr5/libm.a(fp_pscA.o)
                                                  /usr/lib/gcc/avr/6.2.0/../../../../avr/lib/avr5/libm.a(divsf3x.o)
                                                  /usr/lib/gcc/avr/6.2.0/../../../../avr/lib/avr5/libm.a(mulsf3x.o)
                                                  /usr/lib/gcc/avr/6.2.0/../../../../avr/lib/avr5/libm.a(addsf3x.o)
__fp_pscB                                         /usr/lib/gcc/avr/6.2.0/../../../../avr/lib/avr5/libm.a(fp_pscB.o)
                                                  /usr/lib/gcc/avr/6.2.0/../../../../avr/lib/avr5/libm.a(divsf3x.o)
                                                  /usr/lib/gcc/avr/6.2.0/../../../../avr/lib/avr5/libm.a(mulsf3x.o)
                                                  /usr/lib/gcc/avr/6.2.0/../../../../avr/lib/avr5/libm.a(addsf3x.o)
__fp_rempio2                                      /usr/lib/gcc/avr/6.2.0/../../../../avr/lib/avr5/libm.a(fp_rempio2.o)
                                                  /usr/lib/gcc/avr/6.2.0/../../../../avr/lib/avr5/libm.a(sin.o)
                                                  /usr/lib/gcc/avr/6.2.0/../../../../avr/lib/avr5/libm.a(cos.o)
__fp_round                                        /usr/lib/gcc/avr/6.2.0/../../../../avr/lib/avr5/libm.a(fp_round.o)
                                                  /usr/lib/gcc/avr/6.2.0/../../../../avr/lib/avr5/libm.a(divsf3.o)
                                                  /usr/lib/gcc/avr/6.2.0/../../../../avr/lib/avr5/libm.a(mulsf3.o)
                                                  /usr/lib/gcc/avr/6.2.0/../../../../avr/lib/avr5/libm.a(fp_sinus.o)
                                                  /usr/lib/gcc/avr/6.2.0/../../../../avr/lib/avr5/libm.a(addsf3.o)
__fp_sinus                                        /usr/lib/gcc/avr/6.2.0/../../../../avr/lib/avr5/libm.a(fp_sinus.o)
                                                  /usr/lib/gcc/avr/6.2.0/../../../../avr/lib/avr5/libm.a(sin.o)
                                                  /usr/lib/gcc/avr/6.2.0/../../../../avr/lib/avr5/libm.a(cos.o)
__fp_split3                                       /usr/lib/gcc/avr/6.2.0/../../../../avr/lib/avr5/libm.a(fp_split3.o)
                                                  /usr/lib/gcc/avr/6.2.0/../../../../avr/lib/avr5/libm.a(divsf3x.o)
                                                  /usr/lib/gcc/avr/6.2.0/../../../../avr/lib/avr5/libm.a(mulsf3x.o)
                                                  /usr/lib/gcc/avr/6.2.0/../../../../avr/lib/avr5/libm.a(addsf3x.o)
__fp_splitA                                       /usr/lib/gcc/avr/6.2.0/../../../../avr/lib/avr5/libm.a(fp_split3.o)
                                                  /usr/lib/gcc/avr/6.2.0/../../../../avr/lib/avr5/libm.a(fp_trunc.o)
                                                  /usr/lib/gcc/avr/6.2.0/../../../../avr/lib/avr5/libm.a(fixunssfsi.o)
                                                  /usr/lib/gcc/avr/6.2.0/../../../../avr/lib/avr5/libm.a(fp_rempio2.o)
__fp_szero                                        /usr/lib/gcc/avr/6.2.0/../../../../avr/lib/avr5/libm.a(fp_zero.o)
                                                  /usr/lib/gcc/avr/6.2.0/../../../../avr/lib/avr5/libm.a(floor.o)
                                                  /usr/lib/gcc/avr/6.2.0/../../../../avr/lib/avr5/libm.a(fixsfsi.o)
                                                  /usr/lib/gcc/avr/6.2.0/../../../../avr/lib/avr5/libm.a(divsf3x.o)
                                                  /usr/lib/gcc/avr/6.2.0/../../../../avr/lib/avr5/libm.a(ceil.o)
                                                  /usr/lib/gcc/avr/6.2.0/../../../../avr/lib/avr5/libm.a(mulsf3x.o)
__fp_trunc                                        /usr/lib/gcc/avr/6.2.0/../../../../avr/lib/avr5/libm.a(fp_trunc.o)
                                                  /usr/lib/gcc/avr/6.2.0/../../../../avr/lib/avr5/libm.a(floor.o)
                                                  /usr/lib/gcc/avr/6.2.0/../../../../avr/lib/avr5/libm.a(ceil.o)
__fp_zero                                         /usr/lib/gcc/avr/6.2.0/../../../../avr/lib/avr5/libm.a(fp_zero.o)
                                                  /usr/lib/gcc/avr/6.2.0/../../../../avr/lib/avr5/libm.a(fixunssfsi.o)
                                                  /usr/lib/gcc/avr/6.2.0/../../../../avr/lib/avr5/libm.a(addsf3x.o)
__ftoa_engine                                     /usr/lib/gcc/avr/6.2.0/../../../../avr/lib/avr5/libc.a(ftoa_engine.o)
                                                  /usr/lib/gcc/avr/6.2.0/../../../../avr/lib/avr5/libprintf_flt.a(vfprintf_flt.o)
__gesf2                                           /usr/lib/gcc/avr/6.2.0/../../../../avr/lib/avr5/libm.a(gesf2.o)
                                                  ../cab202_teensy/libcab202_teensy.a(graphics.o)
                                                  blockhead.o
                                                  one_square.o
__gtsf2                                           /usr/lib/gcc/avr/6.2.0/../../../../avr/lib/avr5/libm.a(gesf2.o)
                                                  ../cab202_teensy/libcab202_teensy.a(graphics.o)
__heap_end                                        /usr/lib/gcc/avr/6.2.0/../../../../avr/lib/avr5/crtatmega32u4.o
__init                                            /usr/lib/gcc/avr/6.2.0/../../../../avr/lib/avr5/crtatmega32u4.o
__lesf2                                           /usr/lib/gcc/avr/6.2.0/../../../../avr/lib/avr5/libm.a(cmpsf2.o)
__ltsf2                                           /usr/lib/gcc/avr/6.2.0/../../../../avr/lib/avr5/libm.a(cmpsf2.o)
                                                  ../cab202_teensy/libcab202_teensy.a(graphics.o)
                                                  one_square.o
__mulohisi3                                       /usr/lib/gcc/avr/6.2.0/avr5/libgcc.a(_mulshisi3.o)
                                                  /usr/lib/gcc/avr/6.2.0/../../../../avr/lib/avr5/libc.a(random.o)
__mulsf3                                          /usr/lib/gcc/avr/6.2.0/../../../../avr/lib/avr5/libm.a(mulsf3.o)
                                                  ../cab202_teensy/libcab202_teensy.a(sprite.o)
                                                  /usr/lib/gcc/avr/6.2.0/../../../../avr/lib/avr5/libm.a(fp_powsodd.o)
                                                  ten_squares.o
                                                  one_square.o
__mulsf3_pse                                      /usr/lib/gcc/avr/6.2.0/../../../../avr/lib/avr5/libm.a(mulsf3x.o)
__mulsf3x                                         /usr/lib/gcc/avr/6.2.0/../../../../avr/lib/avr5/libm.a(mulsf3x.o)
                                                  /usr/lib/gcc/avr/6.2.0/../../../../avr/lib/avr5/libm.a(fp_powser.o)
                                                  /usr/lib/gcc/avr/6.2.0/../../../../avr/lib/avr5/libm.a(mulsf3.o)
__mulshisi3                                       /usr/lib/gcc/avr/6.2.0/avr5/libgcc.a(_mulshisi3.o)
__muluhisi3                                       /usr/lib/gcc/avr/6.2.0/avr5/libgcc.a(_muluhisi3.o)
                                                  /usr/lib/gcc/avr/6.2.0/avr5/libgcc.a(_mulshisi3.o)
                                                  /usr/lib/gcc/avr/6.2.0/../../../../avr/lib/avr5/libc.a(random.o)
__negsi2                                          /usr/lib/gcc/avr/6.2.0/avr5/libgcc.a(_negsi2.o)
                                                  /usr/lib/gcc/avr/6.2.0/avr5/libgcc.a(_divmodsi4.o)
__nesf2                                           /usr/lib/gcc/avr/6.2.0/../../../../avr/lib/avr5/libm.a(cmpsf2.o)
__prologue_saves__                                /usr/lib/gcc/avr/6.2.0/avr5/libgcc.a(_prologue.o)
                                                  /usr/lib/gcc/avr/6.2.0/../../../../avr/lib/avr5/libprintf_flt.a(vfprintf_flt.o)
__stack                                           /usr/lib/gcc/avr/6.2.0/../../../../avr/lib/avr5/crtatmega32u4.o
__subsf3                                          /usr/lib/gcc/avr/6.2.0/../../../../avr/lib/avr5/libm.a(addsf3.o)
                                                  ../cab202_teensy/libcab202_teensy.a(graphics.o)
__udivmodhi4                                      /usr/lib/gcc/avr/6.2.0/avr5/libgcc.a(_udivmodhi4.o)
                                                  /usr/lib/gcc/avr/6.2.0/avr5/libgcc.a(_divmodhi4.o)
__udivmodsi4                                      /usr/lib/gcc/avr/6.2.0/avr5/libgcc.a(_udivmodsi4.o)
                                                  /usr/lib/gcc/avr/6.2.0/avr5/libgcc.a(_divmodsi4.o)
__ultoa_invert                                    /usr/lib/gcc/avr/6.2.0/../../../../avr/lib/avr5/libc.a(ultoa_invert.o)
                                                  /usr/lib/gcc/avr/6.2.0/../../../../avr/lib/avr5/libprintf_flt.a(vfprintf_flt.o)
__umulhisi3                                       /usr/lib/gcc/avr/6.2.0/avr5/libgcc.a(_umulhisi3.o)
                                                  /usr/lib/gcc/avr/6.2.0/avr5/libgcc.a(_muluhisi3.o)
__vector_1                                        /usr/lib/gcc/avr/6.2.0/../../../../avr/lib/avr5/crtatmega32u4.o
__vector_10                                       /usr/lib/gcc/avr/6.2.0/../../../../avr/lib/avr5/crtatmega32u4.o
__vector_11                                       /usr/lib/gcc/avr/6.2.0/../../../../avr/lib/avr5/crtatmega32u4.o
__vector_12                                       /usr/lib/gcc/avr/6.2.0/../../../../avr/lib/avr5/crtatmega32u4.o
__vector_13                                       /usr/lib/gcc/avr/6.2.0/../../../../avr/lib/avr5/crtatmega32u4.o
__vector_14                                       /usr/lib/gcc/avr/6.2.0/../../../../avr/lib/avr5/crtatmega32u4.o
__vector_15                                       /usr/lib/gcc/avr/6.2.0/../../../../avr/lib/avr5/crtatmega32u4.o
__vector_16                                       /usr/lib/gcc/avr/6.2.0/../../../../avr/lib/avr5/crtatmega32u4.o
__vector_17                                       /usr/lib/gcc/avr/6.2.0/../../../../avr/lib/avr5/crtatmega32u4.o
__vector_18                                       /usr/lib/gcc/avr/6.2.0/../../../../avr/lib/avr5/crtatmega32u4.o
__vector_19                                       /usr/lib/gcc/avr/6.2.0/../../../../avr/lib/avr5/crtatmega32u4.o
__vector_2                                        /usr/lib/gcc/avr/6.2.0/../../../../avr/lib/avr5/crtatmega32u4.o
__vector_20                                       /usr/lib/gcc/avr/6.2.0/../../../../avr/lib/avr5/crtatmega32u4.o
__vector_21                                       /usr/lib/gcc/avr/6.2.0/../../../../avr/lib/avr5/crtatmega32u4.o
__vector_22                                       /usr/lib/gcc/avr/6.2.0/../../../../avr/lib/avr5/crtatmega32u4.o
__vector_23                                       /usr/lib/gcc/avr/6.2.0/../../../../avr/lib/avr5/crtatmega32u4.o
__vector_24                                       /usr/lib/gcc/avr/6.2.0/../../../../avr/lib/avr5/crtatmega32u4.o
__vector_25                                       /usr/lib/gcc/avr/6.2.0/../../../../avr/lib/avr5/crtatmega32u4.o
__vector_26                                       /usr/lib/gcc/avr/6.2.0/../../../../avr/lib/avr5/crtatmega32u4.o
__vector_27                                       /usr/lib/gcc/avr/6.2.0/../../../../avr/lib/avr5/crtatmega32u4.o
__vector_28                                       /usr/lib/gcc/avr/6.2.0/../../../../avr/lib/avr5/crtatmega32u4.o
__vector_29                                       /usr/lib/gcc/avr/6.2.0/../../../../avr/lib/avr5/crtatmega32u4.o
__vector_3                                        /usr/lib/gcc/avr/6.2.0/../../../../avr/lib/avr5/crtatmega32u4.o
__vector_30                                       /usr/lib/gcc/avr/6.2.0/../../../../avr/lib/avr5/crtatmega32u4.o
__vector_31                                       /usr/lib/gcc/avr/6.2.0/../../../../avr/lib/avr5/crtatmega32u4.o
__vector_32                                       /usr/lib/gcc/avr/6.2.0/../../../../avr/lib/avr5/crtatmega32u4.o
__vector_33                                       /usr/lib/gcc/avr/6.2.0/../../../../avr/lib/avr5/crtatmega32u4.o
__vector_34                                       /usr/lib/gcc/avr/6.2.0/../../../../avr/lib/avr5/crtatmega32u4.o
__vector_35                                       /usr/lib/gcc/avr/6.2.0/../../../../avr/lib/avr5/crtatmega32u4.o
__vector_36                                       /usr/lib/gcc/avr/6.2.0/../../../../avr/lib/avr5/crtatmega32u4.o
__vector_37                                       /usr/lib/gcc/avr/6.2.0/../../../../avr/lib/avr5/crtatmega32u4.o
__vector_38                                       /usr/lib/gcc/avr/6.2.0/../../../../avr/lib/avr5/crtatmega32u4.o
__vector_39                                       /usr/lib/gcc/avr/6.2.0/../../../../avr/lib/avr5/crtatmega32u4.o
__vector_4                                        /usr/lib/gcc/avr/6.2.0/../../../../avr/lib/avr5/crtatmega32u4.o
__vector_40                                       /usr/lib/gcc/avr/6.2.0/../../../../avr/lib/avr5/crtatmega32u4.o
__vector_41                                       /usr/lib/gcc/avr/6.2.0/../../../../avr/lib/avr5/crtatmega32u4.o
__vector_42                                       /usr/lib/gcc/avr/6.2.0/../../../../avr/lib/avr5/crtatmega32u4.o
__vector_5                                        /usr/lib/gcc/avr/6.2.0/../../../../avr/lib/avr5/crtatmega32u4.o
__vector_6                                        /usr/lib/gcc/avr/6.2.0/../../../../avr/lib/avr5/crtatmega32u4.o
__vector_7                                        /usr/lib/gcc/avr/6.2.0/../../../../avr/lib/avr5/crtatmega32u4.o
__vector_8                                        /usr/lib/gcc/avr/6.2.0/../../../../avr/lib/avr5/crtatmega32u4.o
__vector_9                                        /usr/lib/gcc/avr/6.2.0/../../../../avr/lib/avr5/crtatmega32u4.o
__vector_default                                  /usr/lib/gcc/avr/6.2.0/../../../../avr/lib/avr5/crtatmega32u4.o
__vectors                                         /usr/lib/gcc/avr/6.2.0/../../../../avr/lib/avr5/crtatmega32u4.o
_div                                              /usr/lib/gcc/avr/6.2.0/avr5/libgcc.a(_divmodhi4.o)
_exit                                             /usr/lib/gcc/avr/6.2.0/avr5/libgcc.a(_exit.o)
ceil                                              /usr/lib/gcc/avr/6.2.0/../../../../avr/lib/avr5/libm.a(ceil.o)
                                                  ../cab202_teensy/libcab202_teensy.a(sprite.o)
clear_screen                                      ../cab202_teensy/libcab202_teensy.a(graphics.o)
                                                  blockhead.o
                                                  ten_squares.o
                                                  one_square.o
                                                  sprite_demo.o
cos                                               /usr/lib/gcc/avr/6.2.0/../../../../avr/lib/avr5/libm.a(cos.o)
                                                  ten_squares.o
                                                  one_square.o
do_the_walk                                       blockhead.o
draw_char                                         ../cab202_teensy/libcab202_teensy.a(graphics.o)
draw_line                                         ../cab202_teensy/libcab202_teensy.a(graphics.o)
draw_sprite                                       ../cab202_teensy/libcab202_teensy.a(sprite.o)
                                                  blockhead.o
                                                  ten_squares.o
                                                  one_square.o
draw_string                                       ../cab202_teensy/libcab202_teensy.a(graphics.o)
                                                  blockhead.o
                                                  ten_squares.o
                                                  one_square.o
                                                  sprite_demo.o
draw_ten_squares                                  ten_squares.o
exit                                              /usr/lib/gcc/avr/6.2.0/avr5/libgcc.a(_exit.o)
                                                  /usr/lib/gcc/avr/6.2.0/../../../../avr/lib/avr5/crtatmega32u4.o
floor                                             /usr/lib/gcc/avr/6.2.0/../../../../avr/lib/avr5/libm.a(floor.o)
                                                  ../cab202_teensy/libcab202_teensy.a(sprite.o)
fputc                                             /usr/lib/gcc/avr/6.2.0/../../../../avr/lib/avr5/libc.a(fputc.o)
                                                  /usr/lib/gcc/avr/6.2.0/../../../../avr/lib/avr5/libprintf_flt.a(vfprintf_flt.o)
init_sprite                                       ../cab202_teensy/libcab202_teensy.a(sprite.o)
                                                  blockhead.o
                                                  ten_squares.o
                                                  one_square.o
lcd_clear                                         ../cab202_teensy/libcab202_teensy.a(lcd.o)
lcd_init                                          ../cab202_teensy/libcab202_teensy.a(lcd.o)
                                                  sprite_demo.o
lcd_position                                      ../cab202_teensy/libcab202_teensy.a(lcd.o)
                                                  ../cab202_teensy/libcab202_teensy.a(graphics.o)
lcd_write                                         ../cab202_teensy/libcab202_teensy.a(lcd.o)
                                                  ../cab202_teensy/libcab202_teensy.a(graphics.o)
main                                              sprite_demo.o
                                                  /usr/lib/gcc/avr/6.2.0/../../../../avr/lib/avr5/crtatmega32u4.o
play_one_square                                   one_square.o
                                                  sprite_demo.o
play_ten_squares                                  ten_squares.o
                                                  sprite_demo.o
random                                            /usr/lib/gcc/avr/6.2.0/../../../../avr/lib/avr5/libc.a(random.o)
                                                  ten_squares.o
                                                  one_square.o
random_r                                          /usr/lib/gcc/avr/6.2.0/../../../../avr/lib/avr5/libc.a(random.o)
screen_buffer                                     ../cab202_teensy/libcab202_teensy.a(graphics.o)
set_pixel                                         ../cab202_teensy/libcab202_teensy.a(graphics.o)
                                                  ../cab202_teensy/libcab202_teensy.a(sprite.o)
setup_device                                      sprite_demo.o
setup_ten_squares                                 ten_squares.o
show_screen                                       ../cab202_teensy/libcab202_teensy.a(graphics.o)
                                                  blockhead.o
                                                  ten_squares.o
                                                  one_square.o
                                                  sprite_demo.o
sin                                               /usr/lib/gcc/avr/6.2.0/../../../../avr/lib/avr5/libm.a(sin.o)
                                                  ten_squares.o
                                                  one_square.o
srandom                                           /usr/lib/gcc/avr/6.2.0/../../../../avr/lib/avr5/libc.a(random.o)
                                                  ten_squares.o
                                                  one_square.o
strnlen                                           /usr/lib/gcc/avr/6.2.0/../../../../avr/lib/avr5/libc.a(strnlen.o)
                                                  /usr/lib/gcc/avr/6.2.0/../../../../avr/lib/avr5/libprintf_flt.a(vfprintf_flt.o)
strnlen_P                                         /usr/lib/gcc/avr/6.2.0/../../../../avr/lib/avr5/libc.a(strnlen_P.o)
                                                  /usr/lib/gcc/avr/6.2.0/../../../../avr/lib/avr5/libprintf_flt.a(vfprintf_flt.o)
update_blockhead                                  blockhead.o
update_one_square                                 one_square.o
                                                  ten_squares.o
update_ten_squares                                ten_squares.o
vfprintf                                          /usr/lib/gcc/avr/6.2.0/../../../../avr/lib/avr5/libprintf_flt.a(vfprintf_flt.o)
walk_the_walk                                     blockhead.o
                                                  sprite_demo.o
